Archive member included to satisfy reference by file (symbol)

../Common/FlashUtils/libflash_utils.a(flash_operations.c.o)
                              CMakeFiles/bootloader.dir/main.c.o (read_metadata_from_flash)
/usr/lib/gcc/arm-none-eabi/13.2.1/thumb/v8-m.main+fp/softfp/libgcc.a(_arm_addsubdf3.o)
                              CMakeFiles/bootloader.dir/home/blankmcu/Repos/ElectronicBlinds_V2/UnitApplication/Dependencies/pico-sdk/src/rp2_common/pico_float/float_math.c.o (__aeabi_f2d)
/usr/lib/gcc/arm-none-eabi/13.2.1/thumb/v8-m.main+fp/softfp/libgcc.a(_aeabi_ldivmod.o)
                              CMakeFiles/bootloader.dir/home/blankmcu/Repos/ElectronicBlinds_V2/UnitApplication/Dependencies/pico-sdk/src/common/pico_time/time.c.o (__aeabi_ldivmod)
/usr/lib/gcc/arm-none-eabi/13.2.1/thumb/v8-m.main+fp/softfp/libgcc.a(_aeabi_uldivmod.o)
                              CMakeFiles/bootloader.dir/home/blankmcu/Repos/ElectronicBlinds_V2/UnitApplication/Dependencies/pico-sdk/src/rp2_common/hardware_clocks/clocks.c.o (__aeabi_uldivmod)
/usr/lib/gcc/arm-none-eabi/13.2.1/thumb/v8-m.main+fp/softfp/libgcc.a(_udivmoddi4.o)
                              /usr/lib/gcc/arm-none-eabi/13.2.1/thumb/v8-m.main+fp/softfp/libgcc.a(_aeabi_ldivmod.o) (__udivmoddi4)
/usr/lib/gcc/arm-none-eabi/13.2.1/thumb/v8-m.main+fp/softfp/libgcc.a(_dvmd_tls.o)
                              /usr/lib/gcc/arm-none-eabi/13.2.1/thumb/v8-m.main+fp/softfp/libgcc.a(_aeabi_ldivmod.o) (__aeabi_ldiv0)
/usr/lib/gcc/arm-none-eabi/13.2.1/../../../arm-none-eabi/lib/thumb/v8-m.main+fp/softfp/libg.a(libc_a-memset.o)
                              CMakeFiles/bootloader.dir/home/blankmcu/Repos/ElectronicBlinds_V2/UnitApplication/Dependencies/pico-sdk/src/rp2_common/pico_thread_local/thread_local.c.o (memset)
/usr/lib/gcc/arm-none-eabi/13.2.1/../../../arm-none-eabi/lib/thumb/v8-m.main+fp/softfp/libg.a(libc_a-calloc.o)
                              CMakeFiles/bootloader.dir/home/blankmcu/Repos/ElectronicBlinds_V2/UnitApplication/Dependencies/pico-sdk/src/rp2_common/pico_malloc/malloc.c.o (calloc)
/usr/lib/gcc/arm-none-eabi/13.2.1/../../../arm-none-eabi/lib/thumb/v8-m.main+fp/softfp/libg.a(libc_a-impure.o)
                              /usr/lib/gcc/arm-none-eabi/13.2.1/../../../arm-none-eabi/lib/thumb/v8-m.main+fp/softfp/libg.a(libc_a-calloc.o) (_impure_ptr)
/usr/lib/gcc/arm-none-eabi/13.2.1/../../../arm-none-eabi/lib/thumb/v8-m.main+fp/softfp/libg.a(libc_a-callocr.o)
                              /usr/lib/gcc/arm-none-eabi/13.2.1/../../../arm-none-eabi/lib/thumb/v8-m.main+fp/softfp/libg.a(libc_a-calloc.o) (_calloc_r)
/usr/lib/gcc/arm-none-eabi/13.2.1/../../../arm-none-eabi/lib/thumb/v8-m.main+fp/softfp/libg.a(libc_a-realloc.o)
                              CMakeFiles/bootloader.dir/home/blankmcu/Repos/ElectronicBlinds_V2/UnitApplication/Dependencies/pico-sdk/src/rp2_common/pico_malloc/malloc.c.o (realloc)
/usr/lib/gcc/arm-none-eabi/13.2.1/../../../arm-none-eabi/lib/thumb/v8-m.main+fp/softfp/libg.a(libc_a-mallocr.o)
                              /usr/lib/gcc/arm-none-eabi/13.2.1/../../../arm-none-eabi/lib/thumb/v8-m.main+fp/softfp/libg.a(libc_a-callocr.o) (_malloc_r)
/usr/lib/gcc/arm-none-eabi/13.2.1/../../../arm-none-eabi/lib/thumb/v8-m.main+fp/softfp/libg.a(libc_a-freer.o)
                              /usr/lib/gcc/arm-none-eabi/13.2.1/../../../arm-none-eabi/lib/thumb/v8-m.main+fp/softfp/libg.a(libc_a-mallocr.o) (_free_r)
/usr/lib/gcc/arm-none-eabi/13.2.1/../../../arm-none-eabi/lib/thumb/v8-m.main+fp/softfp/libg.a(libc_a-memcmp.o)
                              CMakeFiles/bootloader.dir/home/blankmcu/Repos/ElectronicBlinds_V2/UnitApplication/Dependencies/pico-sdk/src/rp2_common/pico_atomic/atomic.c.o (memcmp)
/usr/lib/gcc/arm-none-eabi/13.2.1/../../../arm-none-eabi/lib/thumb/v8-m.main+fp/softfp/libg.a(libc_a-malloc.o)
                              CMakeFiles/bootloader.dir/home/blankmcu/Repos/ElectronicBlinds_V2/UnitApplication/Dependencies/pico-sdk/src/rp2_common/pico_malloc/malloc.c.o (malloc)
/usr/lib/gcc/arm-none-eabi/13.2.1/../../../arm-none-eabi/lib/thumb/v8-m.main+fp/softfp/libg.a(libc_a-memcpy.o)
                              CMakeFiles/bootloader.dir/home/blankmcu/Repos/ElectronicBlinds_V2/UnitApplication/Dependencies/pico-sdk/src/common/pico_util/queue.c.o (memcpy)
/usr/lib/gcc/arm-none-eabi/13.2.1/../../../arm-none-eabi/lib/thumb/v8-m.main+fp/softfp/libg.a(libc_a-sysconf.o)
                              /usr/lib/gcc/arm-none-eabi/13.2.1/../../../arm-none-eabi/lib/thumb/v8-m.main+fp/softfp/libg.a(libc_a-mallocr.o) (sysconf)
/usr/lib/gcc/arm-none-eabi/13.2.1/../../../arm-none-eabi/lib/thumb/v8-m.main+fp/softfp/libg.a(libc_a-reallocr.o)
                              /usr/lib/gcc/arm-none-eabi/13.2.1/../../../arm-none-eabi/lib/thumb/v8-m.main+fp/softfp/libg.a(libc_a-realloc.o) (_realloc_r)
/usr/lib/gcc/arm-none-eabi/13.2.1/../../../arm-none-eabi/lib/thumb/v8-m.main+fp/softfp/libg.a(libc_a-mktime.o)
[...]
Memory Configuration

Name             Origin             Length             Attributes
BOOTLOADER_FLASH 0x10000000         0x0003f000         xr
RAM              0x20000000         0x00080000         xrw
SCRATCH_X        0x20080000         0x00001000         xrw
SCRATCH_Y        0x20081000         0x00001000         xrw
*default*        0x00000000         0xffffffff

Linker script and memory map

                0x20000000                        RAM_ORIGIN_DEFAULT = 0x20000000
                0x00080000                        RAM_LENGTH_DEFAULT = 0x80000
                0x20080000                        SCRATCH_X_ORIGIN_DEFAULT = 0x20080000
                0x00001000                        SCRATCH_X_LENGTH_DEFAULT = 0x1000
                0x20081000                        SCRATCH_Y_ORIGIN_DEFAULT = 0x20081000
                0x00001000                        SCRATCH_Y_LENGTH_DEFAULT = 0x1000
                0x13ffc000                        XIP_RAM_ORIGIN_DEFAULT = 0x13ffc000
                0x00004000                        XIP_RAM_LENGTH_DEFAULT = 0x4000
LOAD CMakeFiles/bootloader.dir/main.c.o
LOAD CMakeFiles/bootloader.dir/home/blankmcu/Repos/ElectronicBlinds_V2/UnitApplication/Dependencies/pico-sdk/src/rp2_common/pico_stdlib/stdlib.c.o
LOAD CMakeFiles/bootloader.dir/home/blankmcu/Repos/ElectronicBlinds_V2/UnitApplication/Dependencies/pico-sdk/src/rp2_common/hardware_gpio/gpio.c.o
LOAD CMakeFiles/bootloader.dir/home/blankmcu/Repos/ElectronicBlinds_V2/UnitApplication/Dependencies/pico-sdk/src/rp2350/pico_platform/platform.c.o
LOAD CMakeFiles/bootloader.dir/home/blankmcu/Repos/ElectronicBlinds_V2/UnitApplication/Dependencies/pico-sdk/src/rp2_common/pico_platform_common/common.c.o
LOAD CMakeFiles/bootloader.dir/home/blankmcu/Repos/ElectronicBlinds_V2/UnitApplication/Dependencies/pico-sdk/src/rp2_common/pico_platform_panic/panic.c.o
LOAD CMakeFiles/bootloader.dir/home/blankmcu/Repos/ElectronicBlinds_V2/UnitApplication/Dependencies/pico-sdk/src/rp2_common/pico_platform_panic/custom_panic_function.S.o
LOAD CMakeFiles/bootloader.dir/home/blankmcu/Repos/ElectronicBlinds_V2/UnitApplication/Dependencies/pico-sdk/src/common/hardware_claim/claim.c.o
LOAD CMakeFiles/bootloader.dir/home/blankmcu/Repos/ElectronicBlinds_V2/UnitApplication/Dependencies/pico-sdk/src/rp2_common/hardware_sync/sync.c.o
LOAD CMakeFiles/bootloader.dir/home/blankmcu/Repos/ElectronicBlinds_V2/UnitApplication/Dependencies/pico-sdk/src/rp2_common/hardware_sync_spin_lock/sync_spin_lock.c.o
LOAD CMakeFiles/bootloader.dir/home/blankmcu/Repos/ElectronicBlinds_V2/UnitApplication/Dependencies/pico-sdk/src/rp2_common/hardware_irq/irq.c.o
LOAD CMakeFiles/bootloader.dir/home/blankmcu/Repos/ElectronicBlinds_V2/UnitApplication/Dependencies/pico-sdk/src/rp2_common/hardware_irq/irq_handler_chain.S.o
LOAD CMakeFiles/bootloader.dir/home/blankmcu/Repos/ElectronicBlinds_V2/UnitApplication/Dependencies/pico-sdk/src/common/pico_sync/sem.c.o
LOAD CMakeFiles/bootloader.dir/home/blankmcu/Repos/ElectronicBlinds_V2/UnitApplication/Dependencies/pico-sdk/src/common/pico_sync/lock_core.c.o
LOAD CMakeFiles/bootloader.dir/home/blankmcu/Repos/ElectronicBlinds_V2/UnitApplication/Dependencies/pico-sdk/src/common/pico_sync/mutex.c.o
LOAD CMakeFiles/bootloader.dir/home/blankmcu/Repos/ElectronicBlinds_V2/UnitApplication/Dependencies/pico-sdk/src/common/pico_sync/critical_section.c.o
LOAD CMakeFiles/bootloader.dir/home/blankmcu/Repos/ElectronicBlinds_V2/UnitApplication/Dependencies/pico-sdk/src/common/pico_time/time.c.o
LOAD CMakeFiles/bootloader.dir/home/blankmcu/Repos/ElectronicBlinds_V2/UnitApplication/Dependencies/pico-sdk/src/common/pico_time/timeout_helper.c.o
LOAD CMakeFiles/bootloader.dir/home/blankmcu/Repos/ElectronicBlinds_V2/UnitApplication/Dependencies/pico-sdk/src/rp2_common/hardware_timer/timer.c.o
LOAD CMakeFiles/bootloader.dir/home/blankmcu/Repos/ElectronicBlinds_V2/UnitApplication/Dependencies/pico-sdk/src/common/pico_util/datetime.c.o
LOAD CMakeFiles/bootloader.dir/home/blankmcu/Repos/ElectronicBlinds_V2/UnitApplication/Dependencies/pico-sdk/src/common/pico_util/fixed_bitset.c.o
LOAD CMakeFiles/bootloader.dir/home/blankmcu/Repos/ElectronicBlinds_V2/UnitApplication/Dependencies/pico-sdk/src/common/pico_util/pheap.c.o
LOAD CMakeFiles/bootloader.dir/home/blankmcu/Repos/ElectronicBlinds_V2/UnitApplication/Dependencies/pico-sdk/src/common/pico_util/queue.c.o
LOAD CMakeFiles/bootloader.dir/home/blankmcu/Repos/ElectronicBlinds_V2/UnitApplication/Dependencies/pico-sdk/src/rp2_common/hardware_uart/uart.c.o
LOAD CMakeFiles/bootloader.dir/home/blankmcu/Repos/ElectronicBlinds_V2/UnitApplication/Dependencies/pico-sdk/src/rp2_common/hardware_clocks/clocks.c.o
LOAD CMakeFiles/bootloader.dir/home/blankmcu/Repos/ElectronicBlinds_V2/UnitApplication/Dependencies/pico-sdk/src/rp2_common/hardware_pll/pll.c.o
LOAD CMakeFiles/bootloader.dir/home/blankmcu/Repos/ElectronicBlinds_V2/UnitApplication/Dependencies/pico-sdk/src/rp2_common/hardware_vreg/vreg.c.o
LOAD CMakeFiles/bootloader.dir/home/blankmcu/Repos/ElectronicBlinds_V2/UnitApplication/Dependencies/pico-sdk/src/rp2_common/hardware_watchdog/watchdog.c.o
LOAD CMakeFiles/bootloader.dir/home/blankmcu/Repos/ElectronicBlinds_V2/UnitApplication/Dependencies/pico-sdk/src/rp2_common/hardware_ticks/ticks.c.o
LOAD CMakeFiles/bootloader.dir/home/blankmcu/Repos/ElectronicBlinds_V2/UnitApplication/Dependencies/pico-sdk/src/rp2_common/pico_bootrom/bootrom.c.o
LOAD CMakeFiles/bootloader.dir/home/blankmcu/Repos/ElectronicBlinds_V2/UnitApplication/Dependencies/pico-sdk/src/rp2_common/pico_bootrom/bootrom_lock.c.o
LOAD CMakeFiles/bootloader.dir/home/blankmcu/Repos/ElectronicBlinds_V2/UnitApplication/Dependencies/pico-sdk/src/rp2_common/hardware_boot_lock/boot_lock.c.o
LOAD CMakeFiles/bootloader.dir/home/blankmcu/Repos/ElectronicBlinds_V2/UnitApplication/Dependencies/pico-sdk/src/rp2_common/pico_flash/flash.c.o
LOAD CMakeFiles/bootloader.dir/home/blankmcu/Repos/ElectronicBlinds_V2/UnitApplication/Dependencies/pico-sdk/src/rp2_common/hardware_xosc/xosc.c.o
LOAD CMakeFiles/bootloader.dir/home/blankmcu/Repos/ElectronicBlinds_V2/UnitApplication/Dependencies/pico-sdk/src/rp2_common/hardware_divider/divider.c.o
LOAD CMakeFiles/bootloader.dir/home/blankmcu/Repos/ElectronicBlinds_V2/UnitApplication/Dependencies/pico-sdk/src/rp2_common/pico_runtime/runtime.c.o
LOAD CMakeFiles/bootloader.dir/home/blankmcu/Repos/ElectronicBlinds_V2/UnitApplication/Dependencies/pico-sdk/src/rp2_common/pico_runtime_init/runtime_init.c.o
LOAD CMakeFiles/bootloader.dir/home/blankmcu/Repos/ElectronicBlinds_V2/UnitApplication/Dependencies/pico-sdk/src/rp2_common/pico_runtime_init/runtime_init_clocks.c.o
LOAD CMakeFiles/bootloader.dir/home/blankmcu/Repos/ElectronicBlinds_V2/UnitApplication/Dependencies/pico-sdk/src/rp2_common/pico_runtime_init/runtime_init_stack_guard.c.o
LOAD CMakeFiles/bootloader.dir/home/blankmcu/Repos/ElectronicBlinds_V2/UnitApplication/Dependencies/pico-sdk/src/rp2_common/pico_bit_ops/bit_ops_aeabi.S.o
LOAD CMakeFiles/bootloader.dir/home/blankmcu/Repos/ElectronicBlinds_V2/UnitApplication/Dependencies/pico-sdk/src/rp2_common/pico_divider/divider_compiler.c.o
LOAD CMakeFiles/bootloader.dir/home/blankmcu/Repos/ElectronicBlinds_V2/UnitApplication/Dependencies/pico-sdk/src/rp2_common/pico_double/double_math.c.o
LOAD CMakeFiles/bootloader.dir/home/blankmcu/Repos/ElectronicBlinds_V2/UnitApplication/Dependencies/pico-sdk/src/rp2_common/pico_double/double_aeabi_dcp.S.o
LOAD CMakeFiles/bootloader.dir/home/blankmcu/Repos/ElectronicBlinds_V2/UnitApplication/Dependencies/pico-sdk/src/rp2_common/pico_double/double_fma_dcp.S.o
LOAD CMakeFiles/bootloader.dir/home/blankmcu/Repos/ElectronicBlinds_V2/UnitApplication/Dependencies/pico-sdk/src/rp2_common/pico_double/double_sci_m33.S.o
LOAD CMakeFiles/bootloader.dir/home/blankmcu/Repos/ElectronicBlinds_V2/UnitApplication/Dependencies/pico-sdk/src/rp2_common/pico_double/double_conv_m33.S.o
LOAD CMakeFiles/bootloader.dir/home/blankmcu/Repos/ElectronicBlinds_V2/UnitApplication/Dependencies/pico-sdk/src/rp2_common/pico_float/float_math.c.o
LOAD CMakeFiles/bootloader.dir/home/blankmcu/Repos/ElectronicBlinds_V2/UnitApplication/Dependencies/pico-sdk/src/rp2_common/pico_float/float_conv32_vfp.S.o
LOAD CMakeFiles/bootloader.dir/home/blankmcu/Repos/ElectronicBlinds_V2/UnitApplication/Dependencies/pico-sdk/src/rp2_common/pico_float/float_common_m33.S.o
LOAD CMakeFiles/bootloader.dir/home/blankmcu/Repos/ElectronicBlinds_V2/UnitApplication/Dependencies/pico-sdk/src/rp2_common/pico_float/float_sci_m33_vfp.S.o
LOAD CMakeFiles/bootloader.dir/home/blankmcu/Repos/ElectronicBlinds_V2/UnitApplication/Dependencies/pico-sdk/src/rp2_common/pico_malloc/malloc.c.o
LOAD CMakeFiles/bootloader.dir/home/blankmcu/Repos/ElectronicBlinds_V2/UnitApplication/Dependencies/pico-sdk/src/rp2_common/pico_atomic/atomic.c.o
LOAD CMakeFiles/bootloader.dir/home/blankmcu/Repos/ElectronicBlinds_V2/UnitApplication/Dependencies/pico-sdk/src/rp2_common/pico_cxx_options/new_delete.cpp.o
LOAD CMakeFiles/bootloader.dir/home/blankmcu/Repos/ElectronicBlinds_V2/UnitApplication/Dependencies/pico-sdk/src/rp2_common/pico_standard_binary_info/standard_binary_info.c.o
LOAD CMakeFiles/bootloader.dir/home/blankmcu/Repos/ElectronicBlinds_V2/UnitApplication/Dependencies/pico-sdk/src/rp2_common/pico_printf/printf.c.o
LOAD CMakeFiles/bootloader.dir/home/blankmcu/Repos/ElectronicBlinds_V2/UnitApplication/Dependencies/pico-sdk/src/rp2_common/pico_crt0/crt0.S.o
LOAD CMakeFiles/bootloader.dir/home/blankmcu/Repos/ElectronicBlinds_V2/UnitApplication/Dependencies/pico-sdk/src/rp2_common/pico_clib_interface/newlib_interface.c.o
LOAD CMakeFiles/bootloader.dir/home/blankmcu/Repos/ElectronicBlinds_V2/UnitApplication/Dependencies/pico-sdk/src/rp2_common/pico_clib_interface/cxa_guard.c.o
LOAD CMakeFiles/bootloader.dir/home/blankmcu/Repos/ElectronicBlinds_V2/UnitApplication/Dependencies/pico-sdk/src/rp2_common/pico_stdio/stdio.c.o
LOAD CMakeFiles/bootloader.dir/home/blankmcu/Repos/ElectronicBlinds_V2/UnitApplication/Dependencies/pico-sdk/src/rp2_common/pico_stdio_uart/stdio_uart.c.o
LOAD CMakeFiles/bootloader.dir/home/blankmcu/Repos/ElectronicBlinds_V2/UnitApplication/Dependencies/pico-sdk/src/rp2_common/pico_thread_local/thread_local.c.o
LOAD CMakeFiles/bootloader.dir/home/blankmcu/Repos/ElectronicBlinds_V2/UnitApplication/Dependencies/pico-sdk/src/rp2_common/hardware_flash/flash.c.o
LOAD CMakeFiles/bootloader.dir/home/blankmcu/Repos/ElectronicBlinds_V2/UnitApplication/Dependencies/pico-sdk/src/rp2_common/hardware_xip_cache/xip_cache.c.o
LOAD ../pico-sdk/src/rp2350/boot_stage2/CMakeFiles/bs2_default_library.dir/bs2_default_padded.S.o
LOAD ../Common/FlashUtils/libflash_utils.a
LOAD /usr/lib/gcc/arm-none-eabi/13.2.1/../../../arm-none-eabi/lib/thumb/v8-m.main+fp/softfp/libstdc++.a
LOAD /usr/lib/gcc/arm-none-eabi/13.2.1/../../../arm-none-eabi/lib/thumb/v8-m.main+fp/softfp/libm.a
START GROUP
LOAD /usr/lib/gcc/arm-none-eabi/13.2.1/thumb/v8-m.main+fp/softfp/libgcc.a
LOAD /usr/lib/gcc/arm-none-eabi/13.2.1/../../../arm-none-eabi/lib/thumb/v8-m.main+fp/softfp/libg.a
LOAD /usr/lib/gcc/arm-none-eabi/13.2.1/../../../arm-none-eabi/lib/thumb/v8-m.main+fp/softfp/libc.a
END GROUP

.flash_begin    0x10000000        0x0
                0x10000000                        __flash_binary_start = .

.text           0x10000000     0x33f0
                0x10000000                        __logical_binary_start = .
 *(.vectors)
 .vectors       0x10000000      0x124 CMakeFiles/bootloader.dir/home/blankmcu/Repos/ElectronicBlinds_V2/UnitApplication/Dependencies/pico-sdk/src/rp2_common/pico_crt0/crt0.S.o
                0x10000000                __vectors
                0x10000000                __VECTOR_TABLE
                0x10000110                isr_securefault
                0x10000110                isr_irq30
                0x10000110                __unhandled_user_irq
                0x10000110                isr_irq49
                0x10000110                isr_irq13
                0x10000110                isr_irq43
                0x10000110                isr_irq45
                0x10000110                isr_irq27
                0x10000110                isr_irq32
                0x10000110                isr_irq31
                0x10000110                isr_irq5
                0x10000110                isr_irq11
                0x10000110                isr_irq23
                0x10000110                isr_usagefault
                0x10000110                isr_irq48
                0x10000110                isr_irq35
                0x10000110                isr_irq18
                0x10000110                isr_irq50
                0x10000110                isr_irq40
                0x10000110                isr_irq28
                0x10000110                isr_irq19
                0x10000110                isr_irq36
                0x10000110                isr_irq41
                0x10000110                isr_irq0
                0x10000110                isr_irq6
                0x10000110                isr_memmanage
                0x10000110                isr_irq37
                0x10000110                isr_irq42
                0x10000110                isr_irq22
                0x10000110                isr_irq17
                0x10000110                isr_irq38
                0x10000110                isr_irq14
                0x10000110                __vectors_end
                0x10000110                __default_isrs_start
                0x10000110                isr_irq2
                0x10000110                isr_irq10
                0x10000110                isr_irq8
                0x10000110                isr_debugmonitor
                0x10000110                isr_irq24
                0x10000110                isr_irq46
                0x10000110                isr_irq1
                0x10000110                isr_irq47
                0x10000110                isr_irq51
                0x10000110                isr_irq7
                0x10000110                isr_irq21
                0x10000110                isr_irq39
                0x10000110                isr_irq20
                0x10000110                isr_irq15
                0x10000110                isr_irq25
                0x10000110                isr_irq34
                0x10000110                isr_irq4
                0x10000110                isr_busfault
                0x10000110                isr_irq16
                0x10000110                isr_irq44
                0x10000110                isr_irq29
                0x10000110                isr_irq26
                0x10000110                isr_irq33
                0x10000110                isr_irq3
                0x10000110                isr_irq12
                0x10000110                isr_irq9
                0x10000116                unhandled_user_irq_num_in_r0
                0x10000118                isr_invalid
                0x1000011a                isr_nmi
                0x1000011c                isr_hardfault
                0x1000011e                isr_svcall
                0x10000120                isr_pendsv
                0x10000122                isr_systick
                0x10000124                __default_isrs_end
 *(.binary_info_header)
 .binary_info_header
                0x10000124       0x14 CMakeFiles/bootloader.dir/home/blankmcu/Repos/ElectronicBlinds_V2/UnitApplication/Dependencies/pico-sdk/src/rp2_common/pico_crt0/crt0.S.o
                0x10000138                        __binary_info_header_end = .
 *(.embedded_block)
 .embedded_block
                0x10000138       0x14 CMakeFiles/bootloader.dir/home/blankmcu/Repos/ElectronicBlinds_V2/UnitApplication/Dependencies/pico-sdk/src/rp2_common/pico_crt0/crt0.S.o
                0x1000014c                        __embedded_block_end = .
 *(.reset)
 .reset         0x1000014c       0x94 CMakeFiles/bootloader.dir/home/blankmcu/Repos/ElectronicBlinds_V2/UnitApplication/Dependencies/pico-sdk/src/rp2_common/pico_crt0/crt0.S.o
                0x1000014c                _entry_point
 *(.init)
 *libgcc.a:cmse_nonsecure_call.o()
 *(EXCLUDE_FILE(*libm.a: *libc.a:*lib_a-mem*.o *libgcc.a:) .text*)
 .text.jump_to_application
                0x100001e0       0x40 CMakeFiles/bootloader.dir/main.c.o
 .text.validate_bank
                0x10000220       0x24 CMakeFiles/bootloader.dir/main.c.o
                0x10000220                validate_bank
 .text.handle_pending_update
                0x10000244       0x44 CMakeFiles/bootloader.dir/main.c.o
 .text.find_valid_application
                0x10000288       0x60 CMakeFiles/bootloader.dir/main.c.o
                0x10000288                find_valid_application
 .text.main     0x100002e8       0x8c CMakeFiles/bootloader.dir/main.c.o
                0x100002e8                main
 .text.gpio_set_function
                0x10000374       0x38 CMakeFiles/bootloader.dir/home/blankmcu/Repos/ElectronicBlinds_V2/UnitApplication/Dependencies/pico-sdk/src/rp2_common/hardware_gpio/gpio.c.o
                0x10000374                gpio_set_function
 .text.panic    0x100003ac       0x30 CMakeFiles/bootloader.dir/home/blankmcu/Repos/ElectronicBlinds_V2/UnitApplication/Dependencies/pico-sdk/src/rp2_common/pico_platform_panic/panic.c.o
                0x100003ac                panic
 .text.hw_claim_lock
                0x100003dc       0x24 CMakeFiles/bootloader.dir/home/blankmcu/Repos/ElectronicBlinds_V2/UnitApplication/Dependencies/pico-sdk/src/common/hardware_claim/claim.c.o
                0x100003dc                hw_claim_lock
 .text.hw_claim_unlock
                0x10000400       0x14 CMakeFiles/bootloader.dir/home/blankmcu/Repos/ElectronicBlinds_V2/UnitApplication/Dependencies/pico-sdk/src/common/hardware_claim/claim.c.o
                0x10000400                hw_claim_unlock
 .text.hw_claim_or_assert
                0x10000414       0x32 CMakeFiles/bootloader.dir/home/blankmcu/Repos/ElectronicBlinds_V2/UnitApplication/Dependencies/pico-sdk/src/common/hardware_claim/claim.c.o
                0x10000414                hw_claim_or_assert
 *fill*         0x10000446        0x2 
 .text.next_striped_spin_lock_num
                0x10000448       0x1c CMakeFiles/bootloader.dir/home/blankmcu/Repos/ElectronicBlinds_V2/UnitApplication/Dependencies/pico-sdk/src/rp2_common/hardware_sync/sync.c.o
                0x10000448                next_striped_spin_lock_num
 .text.spinlock_set_extexclall
                0x10000464        0xe CMakeFiles/bootloader.dir/home/blankmcu/Repos/ElectronicBlinds_V2/UnitApplication/Dependencies/pico-sdk/src/rp2_common/hardware_sync_spin_lock/sync_spin_lock.c.o
 *fill*         0x10000472        0x2 
 .text.spin_locks_reset
                0x10000474       0x1c CMakeFiles/bootloader.dir/home/blankmcu/Repos/ElectronicBlinds_V2/UnitApplication/Dependencies/pico-sdk/src/rp2_common/hardware_sync_spin_lock/sync_spin_lock.c.o
                0x10000474                spin_locks_reset
 .text.set_raw_irq_handler_and_unlock
                0x10000490       0x24 CMakeFiles/bootloader.dir/home/blankmcu/Repos/ElectronicBlinds_V2/UnitApplication/Dependencies/pico-sdk/src/rp2_common/hardware_irq/irq.c.o
 .text.nvic_ipr0
                0x100004b4        0x8 CMakeFiles/bootloader.dir/home/blankmcu/Repos/ElectronicBlinds_V2/UnitApplication/Dependencies/pico-sdk/src/rp2_common/hardware_irq/irq.c.o
 .text.runtime_init_per_core_irq_priorities
                0x100004bc       0x1c CMakeFiles/bootloader.dir/home/blankmcu/Repos/ElectronicBlinds_V2/UnitApplication/Dependencies/pico-sdk/src/rp2_common/hardware_irq/irq.c.o
                0x100004bc                runtime_init_per_core_irq_priorities
 .text.resolve_j_16
                0x100004d8       0x40 CMakeFiles/bootloader.dir/home/blankmcu/Repos/ElectronicBlinds_V2/UnitApplication/Dependencies/pico-sdk/src/rp2_common/hardware_irq/irq.c.o
 .text.make_j_16
                0x10000518       0x3c CMakeFiles/bootloader.dir/home/blankmcu/Repos/ElectronicBlinds_V2/UnitApplication/Dependencies/pico-sdk/src/rp2_common/hardware_irq/irq.c.o
 .text.insert_bl_32
                0x10000554       0x3c CMakeFiles/bootloader.dir/home/blankmcu/Repos/ElectronicBlinds_V2/UnitApplication/Dependencies/pico-sdk/src/rp2_common/hardware_irq/irq.c.o
 .text.irq_is_enabled
                0x10000590       0x20 CMakeFiles/bootloader.dir/home/blankmcu/Repos/ElectronicBlinds_V2/UnitApplication/Dependencies/pico-sdk/src/rp2_common/hardware_irq/irq.c.o
                0x10000590                irq_is_enabled
 .text.irq_set_mask_n_enabled
                0x100005b0       0x20 CMakeFiles/bootloader.dir/home/blankmcu/Repos/ElectronicBlinds_V2/UnitApplication/Dependencies/pico-sdk/src/rp2_common/hardware_irq/irq.c.o
                0x100005b0                irq_set_mask_n_enabled
 .text.irq_set_enabled
                0x100005d0       0x14 CMakeFiles/bootloader.dir/home/blankmcu/Repos/ElectronicBlinds_V2/UnitApplication/Dependencies/pico-sdk/src/rp2_common/hardware_irq/irq.c.o
                0x100005d0                irq_set_enabled
 .text.irq_get_vtable_handler
                0x100005e4       0x10 CMakeFiles/bootloader.dir/home/blankmcu/Repos/ElectronicBlinds_V2/UnitApplication/Dependencies/pico-sdk/src/rp2_common/hardware_irq/irq.c.o
                0x100005e4                irq_get_vtable_handler
 .text.irq_set_exclusive_handler
                0x100005f4       0x60 CMakeFiles/bootloader.dir/home/blankmcu/Repos/ElectronicBlinds_V2/UnitApplication/Dependencies/pico-sdk/src/rp2_common/hardware_irq/irq.c.o
                0x100005f4                irq_set_exclusive_handler
 .text.irq_remove_handler
                0x10000654      0x178 CMakeFiles/bootloader.dir/home/blankmcu/Repos/ElectronicBlinds_V2/UnitApplication/Dependencies/pico-sdk/src/rp2_common/hardware_irq/irq.c.o
                0x10000654                irq_remove_handler
 .text.irq_add_tail_to_free_list
                0x100007cc       0xf8 CMakeFiles/bootloader.dir/home/blankmcu/Repos/ElectronicBlinds_V2/UnitApplication/Dependencies/pico-sdk/src/rp2_common/hardware_irq/irq.c.o
                0x100007cc                irq_add_tail_to_free_list
 .text.lock_init
                0x100008c4        0xc CMakeFiles/bootloader.dir/home/blankmcu/Repos/ElectronicBlinds_V2/UnitApplication/Dependencies/pico-sdk/src/common/pico_sync/lock_core.c.o
                0x100008c4                lock_init
 .text.mutex_init
                0x100008d0       0x1a CMakeFiles/bootloader.dir/home/blankmcu/Repos/ElectronicBlinds_V2/UnitApplication/Dependencies/pico-sdk/src/common/pico_sync/mutex.c.o
                0x100008d0                mutex_init
 .text.recursive_mutex_init
                0x100008ea       0x1e CMakeFiles/bootloader.dir/home/blankmcu/Repos/ElectronicBlinds_V2/UnitApplication/Dependencies/pico-sdk/src/common/pico_sync/mutex.c.o
                0x100008ea                recursive_mutex_init
 .text.runtime_init_mutex
                0x10000908       0x4c CMakeFiles/bootloader.dir/home/blankmcu/Repos/ElectronicBlinds_V2/UnitApplication/Dependencies/pico-sdk/src/common/pico_sync/mutex.c.o
                0x10000908                runtime_init_mutex
 .text.ta_from_current_irq
                0x10000954       0x24 CMakeFiles/bootloader.dir/home/blankmcu/Repos/ElectronicBlinds_V2/UnitApplication/Dependencies/pico-sdk/src/common/pico_time/time.c.o
 .text.ta_set_timeout
                0x10000978       0x2a CMakeFiles/bootloader.dir/home/blankmcu/Repos/ElectronicBlinds_V2/UnitApplication/Dependencies/pico-sdk/src/common/pico_time/time.c.o
 .text.make_alarm_id
                0x100009a2        0x6 CMakeFiles/bootloader.dir/home/blankmcu/Repos/ElectronicBlinds_V2/UnitApplication/Dependencies/pico-sdk/src/common/pico_time/time.c.o
 .text.sleep_until_callback
                0x100009a8        0x8 CMakeFiles/bootloader.dir/home/blankmcu/Repos/ElectronicBlinds_V2/UnitApplication/Dependencies/pico-sdk/src/common/pico_time/time.c.o
 .text.alarm_pool_irq_handler
                0x100009b0      0x2f0 CMakeFiles/bootloader.dir/home/blankmcu/Repos/ElectronicBlinds_V2/UnitApplication/Dependencies/pico-sdk/src/common/pico_time/time.c.o
 .text.ta_enable_irq_handler
                0x10000ca0       0x38 CMakeFiles/bootloader.dir/home/blankmcu/Repos/ElectronicBlinds_V2/UnitApplication/Dependencies/pico-sdk/src/common/pico_time/time.c.o
 .text.alarm_pool_post_alloc_init
                0x10000cd8       0x7c CMakeFiles/bootloader.dir/home/blankmcu/Repos/ElectronicBlinds_V2/UnitApplication/Dependencies/pico-sdk/src/common/pico_time/time.c.o
 .text.alarm_pool_get_default
                0x10000d54       0x28 CMakeFiles/bootloader.dir/home/blankmcu/Repos/ElectronicBlinds_V2/UnitApplication/Dependencies/pico-sdk/src/common/pico_time/time.c.o
                0x10000d54                alarm_pool_get_default
 .text.alarm_pool_add_alarm_at_force_in_context
                0x10000d7c       0xc0 CMakeFiles/bootloader.dir/home/blankmcu/Repos/ElectronicBlinds_V2/UnitApplication/Dependencies/pico-sdk/src/common/pico_time/time.c.o
                0x10000d7c                alarm_pool_add_alarm_at_force_in_context
 .text.alarm_pool_add_alarm_at
                0x10000e3c       0x38 CMakeFiles/bootloader.dir/home/blankmcu/Repos/ElectronicBlinds_V2/UnitApplication/Dependencies/pico-sdk/src/common/pico_time/time.c.o
                0x10000e3c                alarm_pool_add_alarm_at
 .text.add_alarm_at
                0x10000e74       0x26 CMakeFiles/bootloader.dir/home/blankmcu/Repos/ElectronicBlinds_V2/UnitApplication/Dependencies/pico-sdk/src/common/pico_time/time.c.o
 .text.alarm_pool_cancel_alarm
                0x10000e9a       0x72 CMakeFiles/bootloader.dir/home/blankmcu/Repos/ElectronicBlinds_V2/UnitApplication/Dependencies/pico-sdk/src/common/pico_time/time.c.o
                0x10000e9a                alarm_pool_cancel_alarm
 .text.cancel_alarm
                0x10000f0c       0x10 CMakeFiles/bootloader.dir/home/blankmcu/Repos/ElectronicBlinds_V2/UnitApplication/Dependencies/pico-sdk/src/common/pico_time/time.c.o
 .text.best_effort_wfe_or_timeout
                0x10000f1c      0x128 CMakeFiles/bootloader.dir/home/blankmcu/Repos/ElectronicBlinds_V2/UnitApplication/Dependencies/pico-sdk/src/common/pico_time/time.c.o
                0x10000f1c                best_effort_wfe_or_timeout
 .text.alarm_pool_get_default_timer
                0x10001044        0x8 CMakeFiles/bootloader.dir/home/blankmcu/Repos/ElectronicBlinds_V2/UnitApplication/Dependencies/pico-sdk/src/common/pico_time/time.c.o
                0x10001044                alarm_pool_get_default_timer
 .text.runtime_init_default_alarm_pool
                0x1000104c       0x28 CMakeFiles/bootloader.dir/home/blankmcu/Repos/ElectronicBlinds_V2/UnitApplication/Dependencies/pico-sdk/src/common/pico_time/time.c.o
                0x1000104c                runtime_init_default_alarm_pool
 .text.timer_hardware_alarm_claim
                0x10001074       0x24 CMakeFiles/bootloader.dir/home/blankmcu/Repos/ElectronicBlinds_V2/UnitApplication/Dependencies/pico-sdk/src/rp2_common/hardware_timer/timer.c.o
                0x10001074                timer_hardware_alarm_claim
 .text.timer_time_us_64
                0x10001098       0x10 CMakeFiles/bootloader.dir/home/blankmcu/Repos/ElectronicBlinds_V2/UnitApplication/Dependencies/pico-sdk/src/rp2_common/hardware_timer/timer.c.o
                0x10001098                timer_time_us_64
 .text.timer_busy_wait_until
                0x100010a8       0x1a CMakeFiles/bootloader.dir/home/blankmcu/Repos/ElectronicBlinds_V2/UnitApplication/Dependencies/pico-sdk/src/rp2_common/hardware_timer/timer.c.o
                0x100010a8                timer_busy_wait_until
 .text.timer_busy_wait_us
                0x100010c2       0x28 CMakeFiles/bootloader.dir/home/blankmcu/Repos/ElectronicBlinds_V2/UnitApplication/Dependencies/pico-sdk/src/rp2_common/hardware_timer/timer.c.o
                0x100010c2                timer_busy_wait_us
 *fill*         0x100010ea        0x2 
 .text.time_us_64
                0x100010ec       0x10 CMakeFiles/bootloader.dir/home/blankmcu/Repos/ElectronicBlinds_V2/UnitApplication/Dependencies/pico-sdk/src/rp2_common/hardware_timer/timer.c.o
                0x100010ec                time_us_64
 .text.busy_wait_us
                0x100010fc       0x14 CMakeFiles/bootloader.dir/home/blankmcu/Repos/ElectronicBlinds_V2/UnitApplication/Dependencies/pico-sdk/src/rp2_common/hardware_timer/timer.c.o
                0x100010fc                busy_wait_us
 .text.uart_unreset
                0x10001110       0x2c CMakeFiles/bootloader.dir/home/blankmcu/Repos/ElectronicBlinds_V2/UnitApplication/Dependencies/pico-sdk/src/rp2_common/hardware_uart/uart.c.o
 .text.uart_disable_before_lcr_write
                0x1000113c       0x40 CMakeFiles/bootloader.dir/home/blankmcu/Repos/ElectronicBlinds_V2/UnitApplication/Dependencies/pico-sdk/src/rp2_common/hardware_uart/uart.c.o
 .text.uart_write_lcr_bits_masked
                0x1000117c       0x1c CMakeFiles/bootloader.dir/home/blankmcu/Repos/ElectronicBlinds_V2/UnitApplication/Dependencies/pico-sdk/src/rp2_common/hardware_uart/uart.c.o
 .text.uart_set_baudrate
                0x10001198       0x52 CMakeFiles/bootloader.dir/home/blankmcu/Repos/ElectronicBlinds_V2/UnitApplication/Dependencies/pico-sdk/src/rp2_common/hardware_uart/uart.c.o
                0x10001198                uart_set_baudrate
 *fill*         0x100011ea        0x2 
 .text.uart_set_translate_crlf
                0x100011ec       0x24 CMakeFiles/bootloader.dir/home/blankmcu/Repos/ElectronicBlinds_V2/UnitApplication/Dependencies/pico-sdk/src/rp2_common/hardware_uart/uart.c.o
                0x100011ec                uart_set_translate_crlf
 .text.uart_init
                0x10001210       0x5c CMakeFiles/bootloader.dir/home/blankmcu/Repos/ElectronicBlinds_V2/UnitApplication/Dependencies/pico-sdk/src/rp2_common/hardware_uart/uart.c.o
                0x10001210                uart_init
 .text.clock_configure_internal
                0x1000126c       0xb8 CMakeFiles/bootloader.dir/home/blankmcu/Repos/ElectronicBlinds_V2/UnitApplication/Dependencies/pico-sdk/src/rp2_common/hardware_clocks/clocks.c.o
 .text.clock_configure_undivided
                0x10001324       0x12 CMakeFiles/bootloader.dir/home/blankmcu/Repos/ElectronicBlinds_V2/UnitApplication/Dependencies/pico-sdk/src/rp2_common/hardware_clocks/clocks.c.o
                0x10001324                clock_configure_undivided
 *fill*         0x10001336        0x2 
 .text.clock_get_hz
                0x10001338        0xc CMakeFiles/bootloader.dir/home/blankmcu/Repos/ElectronicBlinds_V2/UnitApplication/Dependencies/pico-sdk/src/rp2_common/hardware_clocks/clocks.c.o
                0x10001338                clock_get_hz
 .text.pll_init
                0x10001344      0x108 CMakeFiles/bootloader.dir/home/blankmcu/Repos/ElectronicBlinds_V2/UnitApplication/Dependencies/pico-sdk/src/rp2_common/hardware_pll/pll.c.o
                0x10001344                pll_init
 .text.tick_start
                0x1000144c       0x1c CMakeFiles/bootloader.dir/home/blankmcu/Repos/ElectronicBlinds_V2/UnitApplication/Dependencies/pico-sdk/src/rp2_common/hardware_ticks/ticks.c.o
                0x1000144c                tick_start
 .text.rom_func_lookup
                0x10001468       0x1e CMakeFiles/bootloader.dir/home/blankmcu/Repos/ElectronicBlinds_V2/UnitApplication/Dependencies/pico-sdk/src/rp2_common/pico_bootrom/bootrom.c.o
                0x10001468                rom_func_lookup
 *fill*         0x10001486        0x2 
 .text.runtime_init_bootrom_locking_enable
                0x10001488       0x14 CMakeFiles/bootloader.dir/home/blankmcu/Repos/ElectronicBlinds_V2/UnitApplication/Dependencies/pico-sdk/src/rp2_common/pico_bootrom/bootrom_lock.c.o
                0x10001488                runtime_init_bootrom_locking_enable
 .text.boot_locks_reset
                0x1000149c       0x20 CMakeFiles/bootloader.dir/home/blankmcu/Repos/ElectronicBlinds_V2/UnitApplication/Dependencies/pico-sdk/src/rp2_common/hardware_boot_lock/boot_lock.c.o
                0x1000149c                boot_locks_reset
 .text.runtime_init_boot_locks_reset
                0x100014bc        0x8 CMakeFiles/bootloader.dir/home/blankmcu/Repos/ElectronicBlinds_V2/UnitApplication/Dependencies/pico-sdk/src/rp2_common/hardware_boot_lock/boot_lock.c.o
                0x100014bc                runtime_init_boot_locks_reset
 .text.xosc_init
                0x100014c4       0x28 CMakeFiles/bootloader.dir/home/blankmcu/Repos/ElectronicBlinds_V2/UnitApplication/Dependencies/pico-sdk/src/rp2_common/hardware_xosc/xosc.c.o
                0x100014c4                xosc_init
 .text.runtime_run_initializers_from
                0x100014ec       0x18 CMakeFiles/bootloader.dir/home/blankmcu/Repos/ElectronicBlinds_V2/UnitApplication/Dependencies/pico-sdk/src/rp2_common/pico_runtime/runtime.c.o
 .text.first_per_core_initializer
                0x10001504        0x2 CMakeFiles/bootloader.dir/home/blankmcu/Repos/ElectronicBlinds_V2/UnitApplication/Dependencies/pico-sdk/src/rp2_common/pico_runtime/runtime.c.o
 *fill*         0x10001506        0x2 
 .text.runtime_run_initializers
                0x10001508       0x10 CMakeFiles/bootloader.dir/home/blankmcu/Repos/ElectronicBlinds_V2/UnitApplication/Dependencies/pico-sdk/src/rp2_common/pico_runtime/runtime.c.o
                0x10001508                runtime_run_initializers
 .text.runtime_init_early_resets
                0x10001518       0x2c CMakeFiles/bootloader.dir/home/blankmcu/Repos/ElectronicBlinds_V2/UnitApplication/Dependencies/pico-sdk/src/rp2_common/pico_runtime_init/runtime_init.c.o
                0x10001518                runtime_init_early_resets
 .text.runtime_init_usb_power_down
                0x10001544       0x20 CMakeFiles/bootloader.dir/home/blankmcu/Repos/ElectronicBlinds_V2/UnitApplication/Dependencies/pico-sdk/src/rp2_common/pico_runtime_init/runtime_init.c.o
                0x10001544                runtime_init_usb_power_down
 .text.runtime_init_per_core_enable_coprocessors
                0x10001564       0x1c CMakeFiles/bootloader.dir/home/blankmcu/Repos/ElectronicBlinds_V2/UnitApplication/Dependencies/pico-sdk/src/rp2_common/pico_runtime_init/runtime_init.c.o
                0x10001564                runtime_init_per_core_enable_coprocessors
 .text.runtime_init_post_clock_resets
                0x10001580       0x20 CMakeFiles/bootloader.dir/home/blankmcu/Repos/ElectronicBlinds_V2/UnitApplication/Dependencies/pico-sdk/src/rp2_common/pico_runtime_init/runtime_init.c.o
                0x10001580                runtime_init_post_clock_resets
 .text.runtime_init_bootrom_reset
                0x100015a0       0x12 CMakeFiles/bootloader.dir/home/blankmcu/Repos/ElectronicBlinds_V2/UnitApplication/Dependencies/pico-sdk/src/rp2_common/pico_runtime_init/runtime_init.c.o
                0x100015a0                runtime_init_bootrom_reset
 .text.runtime_init_per_core_bootrom_reset
                0x100015b2       0x12 CMakeFiles/bootloader.dir/home/blankmcu/Repos/ElectronicBlinds_V2/UnitApplication/Dependencies/pico-sdk/src/rp2_common/pico_runtime_init/runtime_init.c.o
                0x100015b2                runtime_init_per_core_bootrom_reset
 .text.runtime_init_spin_locks_reset
                0x100015c4        0x8 CMakeFiles/bootloader.dir/home/blankmcu/Repos/ElectronicBlinds_V2/UnitApplication/Dependencies/pico-sdk/src/rp2_common/pico_runtime_init/runtime_init.c.o
                0x100015c4                runtime_init_spin_locks_reset
 .text.runtime_init_install_ram_vector_table
                0x100015cc       0x48 CMakeFiles/bootloader.dir/home/blankmcu/Repos/ElectronicBlinds_V2/UnitApplication/Dependencies/pico-sdk/src/rp2_common/pico_runtime_init/runtime_init.c.o
                0x100015cc                runtime_init_install_ram_vector_table
 .text.start_all_ticks
                0x10001614       0x28 CMakeFiles/bootloader.dir/home/blankmcu/Repos/ElectronicBlinds_V2/UnitApplication/Dependencies/pico-sdk/src/rp2_common/pico_runtime_init/runtime_init_clocks.c.o
 .text.runtime_init_clocks
                0x1000163c       0xc4 CMakeFiles/bootloader.dir/home/blankmcu/Repos/ElectronicBlinds_V2/UnitApplication/Dependencies/pico-sdk/src/rp2_common/pico_runtime_init/runtime_init_clocks.c.o
                0x1000163c                runtime_init_clocks
 .text.__rp2350_dcp_engaged_state_save_restore
                0x10001700       0x3a CMakeFiles/bootloader.dir/home/blankmcu/Repos/ElectronicBlinds_V2/UnitApplication/Dependencies/pico-sdk/src/rp2_common/pico_double/double_aeabi_dcp.S.o
 *fill*         0x1000173a        0x2 
 .text.__wrap___aeabi_dadd
                0x1000173c       0x28 CMakeFiles/bootloader.dir/home/blankmcu/Repos/ElectronicBlinds_V2/UnitApplication/Dependencies/pico-sdk/src/rp2_common/pico_double/double_aeabi_dcp.S.o
                0x10001744                __wrap___aeabi_dadd
 .text.__wrap___aeabi_dsub
                0x10001764       0x28 CMakeFiles/bootloader.dir/home/blankmcu/Repos/ElectronicBlinds_V2/UnitApplication/Dependencies/pico-sdk/src/rp2_common/pico_double/double_aeabi_dcp.S.o
                0x1000176c                __wrap___aeabi_dsub
 .text.__wrap___aeabi_dmul
                0x1000178c       0x48 CMakeFiles/bootloader.dir/home/blankmcu/Repos/ElectronicBlinds_V2/UnitApplication/Dependencies/pico-sdk/src/rp2_common/pico_double/double_aeabi_dcp.S.o
                0x10001794                __wrap___aeabi_dmul
 .text.__wrap___aeabi_ddiv
                0x100017d4       0x9c CMakeFiles/bootloader.dir/home/blankmcu/Repos/ElectronicBlinds_V2/UnitApplication/Dependencies/pico-sdk/src/rp2_common/pico_double/double_aeabi_dcp.S.o
                0x100017dc                __wrap___aeabi_ddiv
 .text.__wrap___aeabi_i2d
                0x10001870       0x24 CMakeFiles/bootloader.dir/home/blankmcu/Repos/ElectronicBlinds_V2/UnitApplication/Dependencies/pico-sdk/src/rp2_common/pico_double/double_aeabi_dcp.S.o
                0x10001878                __wrap___aeabi_i2d
                0x10001878                int2double
 .text.__wrap___aeabi_ui2d
                0x10001894       0x24 CMakeFiles/bootloader.dir/home/blankmcu/Repos/ElectronicBlinds_V2/UnitApplication/Dependencies/pico-sdk/src/rp2_common/pico_double/double_aeabi_dcp.S.o
                0x1000189c                __wrap___aeabi_ui2d
                0x1000189c                uint2double
 .text.__wrap___aeabi_d2iz
                0x100018b8       0x24 CMakeFiles/bootloader.dir/home/blankmcu/Repos/ElectronicBlinds_V2/UnitApplication/Dependencies/pico-sdk/src/rp2_common/pico_double/double_aeabi_dcp.S.o
                0x100018c0                __wrap___aeabi_d2iz
                0x100018c0                double2int_z
 .text.__wrap___aeabi_d2uiz
                0x100018dc       0x24 CMakeFiles/bootloader.dir/home/blankmcu/Repos/ElectronicBlinds_V2/UnitApplication/Dependencies/pico-sdk/src/rp2_common/pico_double/double_aeabi_dcp.S.o
                0x100018e4                double2uint_z
                0x100018e4                double2uint
                0x100018e4                __wrap___aeabi_d2uiz
 .text.__wrap___aeabi_dcmpun
                0x10001900       0x24 CMakeFiles/bootloader.dir/home/blankmcu/Repos/ElectronicBlinds_V2/UnitApplication/Dependencies/pico-sdk/src/rp2_common/pico_double/double_aeabi_dcp.S.o
                0x10001908                __wrap___aeabi_dcmpun
 .text.__wrap___aeabi_dcmplt
                0x10001924       0x28 CMakeFiles/bootloader.dir/home/blankmcu/Repos/ElectronicBlinds_V2/UnitApplication/Dependencies/pico-sdk/src/rp2_common/pico_double/double_aeabi_dcp.S.o
                0x1000192c                __wrap___aeabi_dcmplt
 .text.__wrap___aeabi_dcmple
                0x1000194c       0x28 CMakeFiles/bootloader.dir/home/blankmcu/Repos/ElectronicBlinds_V2/UnitApplication/Dependencies/pico-sdk/src/rp2_common/pico_double/double_aeabi_dcp.S.o
                0x10001954                __wrap___aeabi_dcmple
 .text.__wrap___aeabi_dcmpge
                0x10001974       0x28 CMakeFiles/bootloader.dir/home/blankmcu/Repos/ElectronicBlinds_V2/UnitApplication/Dependencies/pico-sdk/src/rp2_common/pico_double/double_aeabi_dcp.S.o
                0x1000197c                __wrap___aeabi_dcmpge
 .text.__wrap___aeabi_dcmpgt
                0x1000199c       0x28 CMakeFiles/bootloader.dir/home/blankmcu/Repos/ElectronicBlinds_V2/UnitApplication/Dependencies/pico-sdk/src/rp2_common/pico_double/double_aeabi_dcp.S.o
                0x100019a4                __wrap___aeabi_dcmpgt
 .text._out_null
                0x100019c4        0x2 CMakeFiles/bootloader.dir/home/blankmcu/Repos/ElectronicBlinds_V2/UnitApplication/Dependencies/pico-sdk/src/rp2_common/pico_printf/printf.c.o
 .text._out_fct
                0x100019c6        0xe CMakeFiles/bootloader.dir/home/blankmcu/Repos/ElectronicBlinds_V2/UnitApplication/Dependencies/pico-sdk/src/rp2_common/pico_printf/printf.c.o
 .text._atoi    0x100019d4       0x26 CMakeFiles/bootloader.dir/home/blankmcu/Repos/ElectronicBlinds_V2/UnitApplication/Dependencies/pico-sdk/src/rp2_common/pico_printf/printf.c.o
 .text._out_rev
                0x100019fa       0x7e CMakeFiles/bootloader.dir/home/blankmcu/Repos/ElectronicBlinds_V2/UnitApplication/Dependencies/pico-sdk/src/rp2_common/pico_printf/printf.c.o
 .text._ntoa_format
                0x10001a78      0x136 CMakeFiles/bootloader.dir/home/blankmcu/Repos/ElectronicBlinds_V2/UnitApplication/Dependencies/pico-sdk/src/rp2_common/pico_printf/printf.c.o
 .text._ntoa_long
                0x10001bae       0x94 CMakeFiles/bootloader.dir/home/blankmcu/Repos/ElectronicBlinds_V2/UnitApplication/Dependencies/pico-sdk/src/rp2_common/pico_printf/printf.c.o
 .text._ntoa_long_long
                0x10001c42       0xc2 CMakeFiles/bootloader.dir/home/blankmcu/Repos/ElectronicBlinds_V2/UnitApplication/Dependencies/pico-sdk/src/rp2_common/pico_printf/printf.c.o
 *fill*         0x10001d04        0x4 
 .text._etoa    0x10001d08      0x41c CMakeFiles/bootloader.dir/home/blankmcu/Repos/ElectronicBlinds_V2/UnitApplication/Dependencies/pico-sdk/src/rp2_common/pico_printf/printf.c.o
 *fill*         0x10002124        0x4 
 .text._ftoa    0x10002128      0x398 CMakeFiles/bootloader.dir/home/blankmcu/Repos/ElectronicBlinds_V2/UnitApplication/Dependencies/pico-sdk/src/rp2_common/pico_printf/printf.c.o
 .text._vsnprintf
                0x100024c0      0x6d0 CMakeFiles/bootloader.dir/home/blankmcu/Repos/ElectronicBlinds_V2/UnitApplication/Dependencies/pico-sdk/src/rp2_common/pico_printf/printf.c.o
 .text.vfctprintf
                0x10002b90       0x24 CMakeFiles/bootloader.dir/home/blankmcu/Repos/ElectronicBlinds_V2/UnitApplication/Dependencies/pico-sdk/src/rp2_common/pico_printf/printf.c.o
                0x10002b90                vfctprintf
 .text._exit    0x10002bb4        0x4 CMakeFiles/bootloader.dir/home/blankmcu/Repos/ElectronicBlinds_V2/UnitApplication/Dependencies/pico-sdk/src/rp2_common/pico_clib_interface/newlib_interface.c.o
                0x10002bb4                _exit
 .text._fini    0x10002bb8        0x2 CMakeFiles/bootloader.dir/home/blankmcu/Repos/ElectronicBlinds_V2/UnitApplication/Dependencies/pico-sdk/src/rp2_common/pico_clib_interface/newlib_interface.c.o
                0x10002bb8                _fini
 .text.exit     0x10002bba        0x6 CMakeFiles/bootloader.dir/home/blankmcu/Repos/ElectronicBlinds_V2/UnitApplication/Dependencies/pico-sdk/src/rp2_common/pico_clib_interface/newlib_interface.c.o
                0x10002bba                exit
 .text.__assert_func
                0x10002bc0       0x34 CMakeFiles/bootloader.dir/home/blankmcu/Repos/ElectronicBlinds_V2/UnitApplication/Dependencies/pico-sdk/src/rp2_common/pico_clib_interface/newlib_interface.c.o
                0x10002bc0                __assert_func
 .text.runtime_init
                0x10002bf4       0x2c CMakeFiles/bootloader.dir/home/blankmcu/Repos/ElectronicBlinds_V2/UnitApplication/Dependencies/pico-sdk/src/rp2_common/pico_clib_interface/newlib_interface.c.o
                0x10002bf4                runtime_init
 .text.stdio_out_chars_no_crlf
                0x10002c20        0xe CMakeFiles/bootloader.dir/home/blankmcu/Repos/ElectronicBlinds_V2/UnitApplication/Dependencies/pico-sdk/src/rp2_common/pico_stdio/stdio.c.o
 *fill*         0x10002c2e        0x2 
 .text.stdio_out_chars_crlf
                0x10002c30       0x80 CMakeFiles/bootloader.dir/home/blankmcu/Repos/ElectronicBlinds_V2/UnitApplication/Dependencies/pico-sdk/src/rp2_common/pico_stdio/stdio.c.o
 .text.stdio_stack_buffer_flush
                0x10002cb0       0x40 CMakeFiles/bootloader.dir/home/blankmcu/Repos/ElectronicBlinds_V2/UnitApplication/Dependencies/pico-sdk/src/rp2_common/pico_stdio/stdio.c.o
 .text.stdio_buffered_printer
                0x10002cf0       0x1a CMakeFiles/bootloader.dir/home/blankmcu/Repos/ElectronicBlinds_V2/UnitApplication/Dependencies/pico-sdk/src/rp2_common/pico_stdio/stdio.c.o
 *fill*         0x10002d0a        0x2 
 .text.stdout_serialize_begin
                0x10002d0c       0x2c CMakeFiles/bootloader.dir/home/blankmcu/Repos/ElectronicBlinds_V2/UnitApplication/Dependencies/pico-sdk/src/rp2_common/pico_stdio/stdio.c.o
                0x10002d0c                stdout_serialize_begin
 .text.stdout_serialize_end
                0x10002d38       0x10 CMakeFiles/bootloader.dir/home/blankmcu/Repos/ElectronicBlinds_V2/UnitApplication/Dependencies/pico-sdk/src/rp2_common/pico_stdio/stdio.c.o
                0x10002d38                stdout_serialize_end
 .text.stdio_put_string
                0x10002d48       0x8c CMakeFiles/bootloader.dir/home/blankmcu/Repos/ElectronicBlinds_V2/UnitApplication/Dependencies/pico-sdk/src/rp2_common/pico_stdio/stdio.c.o
                0x10002d48                stdio_put_string
 .text.stdio_set_driver_enabled
                0x10002dd4       0x28 CMakeFiles/bootloader.dir/home/blankmcu/Repos/ElectronicBlinds_V2/UnitApplication/Dependencies/pico-sdk/src/rp2_common/pico_stdio/stdio.c.o
                0x10002dd4                stdio_set_driver_enabled
 .text.stdio_flush
                0x10002dfc       0x1c CMakeFiles/bootloader.dir/home/blankmcu/Repos/ElectronicBlinds_V2/UnitApplication/Dependencies/pico-sdk/src/rp2_common/pico_stdio/stdio.c.o
                0x10002dfc                stdio_flush
 .text.stdio_init_all
                0x10002e18        0xa CMakeFiles/bootloader.dir/home/blankmcu/Repos/ElectronicBlinds_V2/UnitApplication/Dependencies/pico-sdk/src/rp2_common/pico_stdio/stdio.c.o
                0x10002e18                stdio_init_all
 .text.__wrap_puts
                0x10002e22       0x1e CMakeFiles/bootloader.dir/home/blankmcu/Repos/ElectronicBlinds_V2/UnitApplication/Dependencies/pico-sdk/src/rp2_common/pico_stdio/stdio.c.o
                0x10002e22                __wrap_puts
                0x10002e22                stdio_puts
 .text.__wrap_vprintf
                0x10002e40       0x3c CMakeFiles/bootloader.dir/home/blankmcu/Repos/ElectronicBlinds_V2/UnitApplication/Dependencies/pico-sdk/src/rp2_common/pico_stdio/stdio.c.o
                0x10002e40                __wrap_vprintf
                0x10002e40                stdio_vprintf
 .text.__wrap_printf
                0x10002e7c       0x1c CMakeFiles/bootloader.dir/home/blankmcu/Repos/ElectronicBlinds_V2/UnitApplication/Dependencies/pico-sdk/src/rp2_common/pico_stdio/stdio.c.o
                0x10002e7c                stdio_printf
                0x10002e7c                __wrap_printf
 .text.uart_putc
                0x10002e98       0x70 CMakeFiles/bootloader.dir/home/blankmcu/Repos/ElectronicBlinds_V2/UnitApplication/Dependencies/pico-sdk/src/rp2_common/pico_stdio_uart/stdio_uart.c.o
 .text.uart_getc
                0x10002f08       0x30 CMakeFiles/bootloader.dir/home/blankmcu/Repos/ElectronicBlinds_V2/UnitApplication/Dependencies/pico-sdk/src/rp2_common/pico_stdio_uart/stdio_uart.c.o
 .text.stdio_uart_out_chars
                0x10002f38       0x20 CMakeFiles/bootloader.dir/home/blankmcu/Repos/ElectronicBlinds_V2/UnitApplication/Dependencies/pico-sdk/src/rp2_common/pico_stdio_uart/stdio_uart.c.o
 .text.stdio_uart_in_chars
                0x10002f58       0x54 CMakeFiles/bootloader.dir/home/blankmcu/Repos/ElectronicBlinds_V2/UnitApplication/Dependencies/pico-sdk/src/rp2_common/pico_stdio_uart/stdio_uart.c.o
                0x10002f58                stdio_uart_in_chars
 .text.on_uart_rx
                0x10002fac       0x24 CMakeFiles/bootloader.dir/home/blankmcu/Repos/ElectronicBlinds_V2/UnitApplication/Dependencies/pico-sdk/src/rp2_common/pico_stdio_uart/stdio_uart.c.o
 .text.stdio_uart_out_flush
                0x10002fd0       0x14 CMakeFiles/bootloader.dir/home/blankmcu/Repos/ElectronicBlinds_V2/UnitApplication/Dependencies/pico-sdk/src/rp2_common/pico_stdio_uart/stdio_uart.c.o
 .text.stdio_uart_set_chars_available_callback
                0x10002fe4       0x84 CMakeFiles/bootloader.dir/home/blankmcu/Repos/ElectronicBlinds_V2/UnitApplication/Dependencies/pico-sdk/src/rp2_common/pico_stdio_uart/stdio_uart.c.o
 .text.stdio_uart_init_full
                0x10003068       0x50 CMakeFiles/bootloader.dir/home/blankmcu/Repos/ElectronicBlinds_V2/UnitApplication/Dependencies/pico-sdk/src/rp2_common/pico_stdio_uart/stdio_uart.c.o
                0x10003068                stdio_uart_init_full
 .text.stdio_uart_init
                0x100030b8       0x30 CMakeFiles/bootloader.dir/home/blankmcu/Repos/ElectronicBlinds_V2/UnitApplication/Dependencies/pico-sdk/src/rp2_common/pico_stdio_uart/stdio_uart.c.o
                0x100030b8                stdio_uart_init
 .text.read_metadata_from_flash
                0x100030e8       0x4c ../Common/FlashUtils/libflash_utils.a(flash_operations.c.o)
                0x100030e8                read_metadata_from_flash
 .text.write_metadata_to_flash
                0x10003134       0x66 ../Common/FlashUtils/libflash_utils.a(flash_operations.c.o)
                0x10003134                write_metadata_to_flash
 *fill*         0x1000319a        0x2 
 .text          0x1000319c       0xa4 /usr/lib/gcc/arm-none-eabi/13.2.1/../../../arm-none-eabi/lib/thumb/v8-m.main+fp/softfp/libg.a(libc_a-memset.o)
                0x1000319c                memset
 .text          0x10003240       0xec /usr/lib/gcc/arm-none-eabi/13.2.1/../../../arm-none-eabi/lib/thumb/v8-m.main+fp/softfp/libg.a(libc_a-memcpy.o)
                0x10003240                memcpy
 .text          0x1000332c       0x5c /usr/lib/gcc/arm-none-eabi/13.2.1/../../../arm-none-eabi/lib/thumb/v8-m.main+fp/softfp/libg.a(libc_a-strlen-stub.o)
                0x1000332c                strlen
 .text.__stub   0x10003388       0x28 linker stubs
 *(.fini)
 *crtbegin.o(.ctors)
 *crtbegin?.o(.ctors)
 *(EXCLUDE_FILE(*crtend.o *crtend?.o) .ctors)
 *(SORT_BY_NAME(.ctors.*))
 *(.ctors)
 *crtbegin.o(.dtors)
 *crtbegin?.o(.dtors)
 *(EXCLUDE_FILE(*crtend.o *crtend?.o) .dtors)
 *(SORT_BY_NAME(.dtors.*))
 *(.dtors)
                0x100033b0                        . = ALIGN (0x4)
                0x100033b0                        PROVIDE (__preinit_array_start = .)
 *(SORT_BY_NAME(.preinit_array.*))
 .preinit_array.00050
                0x100033b0        0x4 CMakeFiles/bootloader.dir/home/blankmcu/Repos/ElectronicBlinds_V2/UnitApplication/Dependencies/pico-sdk/src/rp2_common/pico_runtime_init/runtime_init.c.o
                0x100033b0                __pre_init_runtime_init_bootrom_reset
 .preinit_array.00100
                0x100033b4        0x4 CMakeFiles/bootloader.dir/home/blankmcu/Repos/ElectronicBlinds_V2/UnitApplication/Dependencies/pico-sdk/src/rp2_common/pico_runtime_init/runtime_init.c.o
                0x100033b4                __pre_init_runtime_init_early_resets
 .preinit_array.00101
                0x100033b8        0x4 CMakeFiles/bootloader.dir/home/blankmcu/Repos/ElectronicBlinds_V2/UnitApplication/Dependencies/pico-sdk/src/rp2_common/pico_runtime_init/runtime_init.c.o
                0x100033b8                __pre_init_runtime_init_usb_power_down
 .preinit_array.00500
                0x100033bc        0x4 CMakeFiles/bootloader.dir/home/blankmcu/Repos/ElectronicBlinds_V2/UnitApplication/Dependencies/pico-sdk/src/rp2_common/pico_runtime_init/runtime_init.c.o
                0x100033bc                __pre_init_runtime_init_clocks
 .preinit_array.00600
                0x100033c0        0x4 CMakeFiles/bootloader.dir/home/blankmcu/Repos/ElectronicBlinds_V2/UnitApplication/Dependencies/pico-sdk/src/rp2_common/pico_runtime_init/runtime_init.c.o
                0x100033c0                __pre_init_runtime_init_post_clock_resets
 .preinit_array.01000
                0x100033c4        0x4 CMakeFiles/bootloader.dir/home/blankmcu/Repos/ElectronicBlinds_V2/UnitApplication/Dependencies/pico-sdk/src/rp2_common/hardware_boot_lock/boot_lock.c.o
                0x100033c4                __pre_init_runtime_init_boot_locks_reset
 .preinit_array.01000
                0x100033c8        0x4 CMakeFiles/bootloader.dir/home/blankmcu/Repos/ElectronicBlinds_V2/UnitApplication/Dependencies/pico-sdk/src/rp2_common/pico_runtime_init/runtime_init.c.o
                0x100033c8                __pre_init_runtime_init_spin_locks_reset
 .preinit_array.01010
                0x100033cc        0x4 CMakeFiles/bootloader.dir/home/blankmcu/Repos/ElectronicBlinds_V2/UnitApplication/Dependencies/pico-sdk/src/rp2_common/pico_bootrom/bootrom_lock.c.o
                0x100033cc                __pre_init_runtime_init_bootrom_locking_enable
 .preinit_array.01100
                0x100033d0        0x4 CMakeFiles/bootloader.dir/home/blankmcu/Repos/ElectronicBlinds_V2/UnitApplication/Dependencies/pico-sdk/src/common/pico_sync/mutex.c.o
                0x100033d0                __pre_init_runtime_init_mutex
 .preinit_array.10080
                0x100033d4        0x4 CMakeFiles/bootloader.dir/home/blankmcu/Repos/ElectronicBlinds_V2/UnitApplication/Dependencies/pico-sdk/src/rp2_common/pico_runtime_init/runtime_init.c.o
                0x100033d4                __pre_init_runtime_init_install_ram_vector_table
 .preinit_array.11000
                0x100033d8        0x4 CMakeFiles/bootloader.dir/home/blankmcu/Repos/ElectronicBlinds_V2/UnitApplication/Dependencies/pico-sdk/src/common/pico_time/time.c.o
                0x100033d8                __pre_init_runtime_init_default_alarm_pool
 .preinit_array.YYYYY
                0x100033dc        0x4 CMakeFiles/bootloader.dir/home/blankmcu/Repos/ElectronicBlinds_V2/UnitApplication/Dependencies/pico-sdk/src/rp2_common/pico_runtime/runtime.c.o
                0x100033dc                __pre_init_first_per_core_initializer
 .preinit_array.ZZZZZ.00051
                0x100033e0        0x4 CMakeFiles/bootloader.dir/home/blankmcu/Repos/ElectronicBlinds_V2/UnitApplication/Dependencies/pico-sdk/src/rp2_common/pico_runtime_init/runtime_init.c.o
                0x100033e0                __pre_init_runtime_init_per_core_bootrom_reset
 .preinit_array.ZZZZZ.00200
                0x100033e4        0x4 CMakeFiles/bootloader.dir/home/blankmcu/Repos/ElectronicBlinds_V2/UnitApplication/Dependencies/pico-sdk/src/rp2_common/pico_runtime_init/runtime_init.c.o
                0x100033e4                __pre_init_runtime_init_per_core_enable_coprocessors
 .preinit_array.ZZZZZ.01000
                0x100033e8        0x4 CMakeFiles/bootloader.dir/home/blankmcu/Repos/ElectronicBlinds_V2/UnitApplication/Dependencies/pico-sdk/src/rp2_common/hardware_sync_spin_lock/sync_spin_lock.c.o
                0x100033e8                __pre_init_spinlock_set_extexclall
 .preinit_array.ZZZZZ.01200
                0x100033ec        0x4 CMakeFiles/bootloader.dir/home/blankmcu/Repos/ElectronicBlinds_V2/UnitApplication/Dependencies/pico-sdk/src/rp2_common/hardware_irq/irq.c.o
                0x100033ec                __pre_init_runtime_init_per_core_irq_priorities
 *(.preinit_array)
                0x100033f0                        PROVIDE (__preinit_array_end = .)
                0x100033f0                        . = ALIGN (0x4)
                0x100033f0                        PROVIDE (__init_array_start = .)
 *(SORT_BY_NAME(.init_array.*))
 *(.init_array)
                0x100033f0                        PROVIDE (__init_array_end = .)
                0x100033f0                        . = ALIGN (0x4)
                [!provide]                        PROVIDE (__fini_array_start = .)
 *(SORT_BY_NAME(.fini_array.*))
 *(.fini_array)
                [!provide]                        PROVIDE (__fini_array_end = .)
 *(.eh_frame*)
                0x100033f0                        . = ALIGN (0x4)

.glue_7         0x100033f0        0x0
 .glue_7        0x100033f0        0x0 linker stubs

.glue_7t        0x100033f0        0x0
 .glue_7t       0x100033f0        0x0 linker stubs

.vfp11_veneer   0x100033f0        0x0
 .vfp11_veneer  0x100033f0        0x0 linker stubs

.v4_bx          0x100033f0        0x0
 .v4_bx         0x100033f0        0x0 linker stubs

.iplt           0x100033f0        0x0
 .iplt          0x100033f0        0x0 CMakeFiles/bootloader.dir/main.c.o

.boot2          0x100033f0        0x0
                0x100033f0                        __boot2_start__ = .
 *(.boot2)
                0x100033f0                        __boot2_end__ = .
                0x00000001                        ASSERT (((__boot2_end__ - __boot2_start__) <= 0x100), ERROR: Pico second stage bootloader must be no more than 256 bytes in size)

.rodata         0x100033f0      0xabc
 *(EXCLUDE_FILE(*libm.a: *libc.a:*lib_a-mem*.o *libgcc.a:) .rodata*)
 .rodata.main.str1.4
                0x100033f0      0x8c9 CMakeFiles/bootloader.dir/main.c.o
                                0x13c (size before relaxing)
 .rodata.panic.str1.4
                0x10003cb9       0x11 CMakeFiles/bootloader.dir/home/blankmcu/Repos/ElectronicBlinds_V2/UnitApplication/Dependencies/pico-sdk/src/rp2_common/pico_platform_panic/panic.c.o
 .rodata.resolve_j_16.str1.4
                0x10003cb9       0x89 CMakeFiles/bootloader.dir/home/blankmcu/Repos/ElectronicBlinds_V2/UnitApplication/Dependencies/pico-sdk/src/rp2_common/hardware_irq/irq.c.o
 .rodata.make_j_16.str1.4
                0x10003cb9       0x30 CMakeFiles/bootloader.dir/home/blankmcu/Repos/ElectronicBlinds_V2/UnitApplication/Dependencies/pico-sdk/src/rp2_common/hardware_irq/irq.c.o
 .rodata.insert_bl_32.str1.4
                0x10003cb9       0x10 CMakeFiles/bootloader.dir/home/blankmcu/Repos/ElectronicBlinds_V2/UnitApplication/Dependencies/pico-sdk/src/rp2_common/hardware_irq/irq.c.o
 .rodata.irq_set_exclusive_handler.str1.4
                0x10003cb9       0x36 CMakeFiles/bootloader.dir/home/blankmcu/Repos/ElectronicBlinds_V2/UnitApplication/Dependencies/pico-sdk/src/rp2_common/hardware_irq/irq.c.o
 .rodata.irq_remove_handler.str1.4
                0x10003cb9       0x3a CMakeFiles/bootloader.dir/home/blankmcu/Repos/ElectronicBlinds_V2/UnitApplication/Dependencies/pico-sdk/src/rp2_common/hardware_irq/irq.c.o
 .rodata.irq_add_tail_to_free_list.str1.4
                0x10003cb9       0x3a CMakeFiles/bootloader.dir/home/blankmcu/Repos/ElectronicBlinds_V2/UnitApplication/Dependencies/pico-sdk/src/rp2_common/hardware_irq/irq.c.o
 *fill*         0x10003cb9        0x3 
 .rodata.__func__.0
                0x10003cbc       0x1a CMakeFiles/bootloader.dir/home/blankmcu/Repos/ElectronicBlinds_V2/UnitApplication/Dependencies/pico-sdk/src/rp2_common/hardware_irq/irq.c.o
 *fill*         0x10003cd6        0x2 
 .rodata.__func__.1
                0x10003cd8        0xd CMakeFiles/bootloader.dir/home/blankmcu/Repos/ElectronicBlinds_V2/UnitApplication/Dependencies/pico-sdk/src/rp2_common/hardware_irq/irq.c.o
 *fill*         0x10003ce5        0x3 
 .rodata.__func__.2
                0x10003ce8       0x13 CMakeFiles/bootloader.dir/home/blankmcu/Repos/ElectronicBlinds_V2/UnitApplication/Dependencies/pico-sdk/src/rp2_common/hardware_irq/irq.c.o
 *fill*         0x10003cfb        0x1 
 .rodata.__func__.3
                0x10003cfc        0xa CMakeFiles/bootloader.dir/home/blankmcu/Repos/ElectronicBlinds_V2/UnitApplication/Dependencies/pico-sdk/src/rp2_common/hardware_irq/irq.c.o
 *fill*         0x10003d06        0x2 
 .rodata.__func__.4
                0x10003d08        0xd CMakeFiles/bootloader.dir/home/blankmcu/Repos/ElectronicBlinds_V2/UnitApplication/Dependencies/pico-sdk/src/rp2_common/hardware_irq/irq.c.o
 *fill*         0x10003d15        0x3 
 .rodata.__func__.6
                0x10003d18       0x1a CMakeFiles/bootloader.dir/home/blankmcu/Repos/ElectronicBlinds_V2/UnitApplication/Dependencies/pico-sdk/src/rp2_common/hardware_irq/irq.c.o
 .rodata.runtime_init_mutex.str1.4
                0x10003d32       0x8c CMakeFiles/bootloader.dir/home/blankmcu/Repos/ElectronicBlinds_V2/UnitApplication/Dependencies/pico-sdk/src/common/pico_sync/mutex.c.o
 .rodata.str1.4
                0x10003d32       0x51 CMakeFiles/bootloader.dir/home/blankmcu/Repos/ElectronicBlinds_V2/UnitApplication/Dependencies/pico-sdk/src/common/pico_sync/mutex.c.o
 *fill*         0x10003d32        0x2 
 .rodata.__func__.1
                0x10003d34        0xb CMakeFiles/bootloader.dir/home/blankmcu/Repos/ElectronicBlinds_V2/UnitApplication/Dependencies/pico-sdk/src/common/pico_sync/mutex.c.o
 *fill*         0x10003d3f        0x1 
 .rodata.__func__.3
                0x10003d40       0x18 CMakeFiles/bootloader.dir/home/blankmcu/Repos/ElectronicBlinds_V2/UnitApplication/Dependencies/pico-sdk/src/common/pico_sync/mutex.c.o
 .rodata.__func__.6
                0x10003d58       0x13 CMakeFiles/bootloader.dir/home/blankmcu/Repos/ElectronicBlinds_V2/UnitApplication/Dependencies/pico-sdk/src/common/pico_sync/mutex.c.o
 .rodata.alarm_pool_irq_handler.str1.4
                0x10003d6b       0x97 CMakeFiles/bootloader.dir/home/blankmcu/Repos/ElectronicBlinds_V2/UnitApplication/Dependencies/pico-sdk/src/common/pico_time/time.c.o
 .rodata.alarm_pool_get_default.str1.4
                0x10003d6b       0x21 CMakeFiles/bootloader.dir/home/blankmcu/Repos/ElectronicBlinds_V2/UnitApplication/Dependencies/pico-sdk/src/common/pico_time/time.c.o
 *fill*         0x10003d6b        0x1 
 .rodata.__func__.1
                0x10003d6c       0x17 CMakeFiles/bootloader.dir/home/blankmcu/Repos/ElectronicBlinds_V2/UnitApplication/Dependencies/pico-sdk/src/common/pico_time/time.c.o
 *fill*         0x10003d83        0x1 
 .rodata.__func__.2
                0x10003d84       0x17 CMakeFiles/bootloader.dir/home/blankmcu/Repos/ElectronicBlinds_V2/UnitApplication/Dependencies/pico-sdk/src/common/pico_time/time.c.o
 .rodata.timer_hardware_alarm_claim.str1.4
                0x10003d9b       0x22 CMakeFiles/bootloader.dir/home/blankmcu/Repos/ElectronicBlinds_V2/UnitApplication/Dependencies/pico-sdk/src/rp2_common/hardware_timer/timer.c.o
 .rodata.pll_init.str1.4
                0x10003d9b      0x148 CMakeFiles/bootloader.dir/home/blankmcu/Repos/ElectronicBlinds_V2/UnitApplication/Dependencies/pico-sdk/src/rp2_common/hardware_pll/pll.c.o
 *fill*         0x10003d9b        0x1 
 .rodata.__func__.0
                0x10003d9c        0x9 CMakeFiles/bootloader.dir/home/blankmcu/Repos/ElectronicBlinds_V2/UnitApplication/Dependencies/pico-sdk/src/rp2_common/hardware_pll/pll.c.o
 .rodata.str1.4
                0x10003da5       0x40 CMakeFiles/bootloader.dir/home/blankmcu/Repos/ElectronicBlinds_V2/UnitApplication/Dependencies/pico-sdk/src/rp2_common/pico_standard_binary_info/standard_binary_info.c.o
 *fill*         0x10003da5        0x3 
 .rodata.__bi_84
                0x10003da8        0xc CMakeFiles/bootloader.dir/home/blankmcu/Repos/ElectronicBlinds_V2/UnitApplication/Dependencies/pico-sdk/src/rp2_common/pico_standard_binary_info/standard_binary_info.c.o
 .rodata.__bi_78
                0x10003db4        0xc CMakeFiles/bootloader.dir/home/blankmcu/Repos/ElectronicBlinds_V2/UnitApplication/Dependencies/pico-sdk/src/rp2_common/pico_standard_binary_info/standard_binary_info.c.o
 .rodata.__bi_54
                0x10003dc0        0xc CMakeFiles/bootloader.dir/home/blankmcu/Repos/ElectronicBlinds_V2/UnitApplication/Dependencies/pico-sdk/src/rp2_common/pico_standard_binary_info/standard_binary_info.c.o
 .rodata.__bi_48
                0x10003dcc        0xc CMakeFiles/bootloader.dir/home/blankmcu/Repos/ElectronicBlinds_V2/UnitApplication/Dependencies/pico-sdk/src/rp2_common/pico_standard_binary_info/standard_binary_info.c.o
 .rodata.__bi_42
                0x10003dd8        0xc CMakeFiles/bootloader.dir/home/blankmcu/Repos/ElectronicBlinds_V2/UnitApplication/Dependencies/pico-sdk/src/rp2_common/pico_standard_binary_info/standard_binary_info.c.o
 .rodata.__bi_34
                0x10003de4        0xc CMakeFiles/bootloader.dir/home/blankmcu/Repos/ElectronicBlinds_V2/UnitApplication/Dependencies/pico-sdk/src/rp2_common/pico_standard_binary_info/standard_binary_info.c.o
 .rodata.__bi_26
                0x10003df0        0xc CMakeFiles/bootloader.dir/home/blankmcu/Repos/ElectronicBlinds_V2/UnitApplication/Dependencies/pico-sdk/src/rp2_common/pico_standard_binary_info/standard_binary_info.c.o
 .rodata._ftoa.str1.4
                0x10003dfc       0x15 CMakeFiles/bootloader.dir/home/blankmcu/Repos/ElectronicBlinds_V2/UnitApplication/Dependencies/pico-sdk/src/rp2_common/pico_printf/printf.c.o
 *fill*         0x10003dfc        0x4 
 .rodata.pow10.0
                0x10003e00       0x50 CMakeFiles/bootloader.dir/home/blankmcu/Repos/ElectronicBlinds_V2/UnitApplication/Dependencies/pico-sdk/src/rp2_common/pico_printf/printf.c.o
 .rodata.__assert_func.str1.4
                0x10003e50       0x43 CMakeFiles/bootloader.dir/home/blankmcu/Repos/ElectronicBlinds_V2/UnitApplication/Dependencies/pico-sdk/src/rp2_common/pico_clib_interface/newlib_interface.c.o
 .rodata.crlf_str.0
                0x10003e50        0x2 CMakeFiles/bootloader.dir/home/blankmcu/Repos/ElectronicBlinds_V2/UnitApplication/Dependencies/pico-sdk/src/rp2_common/pico_stdio/stdio.c.o
 .rodata.str1.4
                0x10003e52       0x2c CMakeFiles/bootloader.dir/home/blankmcu/Repos/ElectronicBlinds_V2/UnitApplication/Dependencies/pico-sdk/src/rp2_common/pico_stdio_uart/stdio_uart.c.o
 *fill*         0x10003e52        0x2 
 .rodata.__bi_45.4
                0x10003e54        0xc CMakeFiles/bootloader.dir/home/blankmcu/Repos/ElectronicBlinds_V2/UnitApplication/Dependencies/pico-sdk/src/rp2_common/pico_stdio_uart/stdio_uart.c.o
 .rodata.__bi_49.5
                0x10003e60        0x8 CMakeFiles/bootloader.dir/home/blankmcu/Repos/ElectronicBlinds_V2/UnitApplication/Dependencies/pico-sdk/src/rp2_common/pico_stdio_uart/stdio_uart.c.o
 .rodata.__bi_50.6
                0x10003e68        0x8 CMakeFiles/bootloader.dir/home/blankmcu/Repos/ElectronicBlinds_V2/UnitApplication/Dependencies/pico-sdk/src/rp2_common/pico_stdio_uart/stdio_uart.c.o
 .rodata.str1.4
                0x10003e70      0x235 CMakeFiles/bootloader.dir/home/blankmcu/Repos/ElectronicBlinds_V2/UnitApplication/Dependencies/pico-sdk/src/rp2_common/hardware_flash/flash.c.o
 .rodata.__func__.0
                0x10003e70       0x12 CMakeFiles/bootloader.dir/home/blankmcu/Repos/ElectronicBlinds_V2/UnitApplication/Dependencies/pico-sdk/src/rp2_common/hardware_flash/flash.c.o
 *fill*         0x10003e82        0x2 
 .rodata.__func__.2
                0x10003e84       0x14 CMakeFiles/bootloader.dir/home/blankmcu/Repos/ElectronicBlinds_V2/UnitApplication/Dependencies/pico-sdk/src/rp2_common/hardware_flash/flash.c.o
 .rodata.__func__.3
                0x10003e98       0x12 CMakeFiles/bootloader.dir/home/blankmcu/Repos/ElectronicBlinds_V2/UnitApplication/Dependencies/pico-sdk/src/rp2_common/hardware_flash/flash.c.o
 *(.srodata*)
                0x10003eac                        . = ALIGN (0x4)
 *fill*         0x10003eaa        0x2 
 *(SORT_BY_ALIGNMENT(SORT_BY_NAME(.flashdata*)))
                0x10003eac                        . = ALIGN (0x4)

.ARM.extab
 *(.ARM.extab* .gnu.linkonce.armextab.*)
                0x10003eac                        __exidx_start = .

.ARM.exidx      0x10003eac        0x8
 *(.ARM.exidx* .gnu.linkonce.armexidx.*)
 .ARM.exidx     0x10003eac        0x8 /usr/lib/gcc/arm-none-eabi/13.2.1/../../../arm-none-eabi/lib/thumb/v8-m.main+fp/softfp/libg.a(libc_a-memcpy.o)
 .ARM.exidx     0x10003eb4        0x0 /usr/lib/gcc/arm-none-eabi/13.2.1/thumb/v8-m.main+fp/softfp/libgcc.a(_udivmoddi4.o)
                                  0x8 (size before relaxing)
                0x10003eb4                        __exidx_end = .
                0x10003eb4                        . = ALIGN (0x4)
                0x10003eb4                        __binary_info_start = .

.binary_info    0x10003eb4       0x28
 *(.binary_info.keep.*)
 .binary_info.keep.__bi_ptr84
                0x10003eb4        0x4 CMakeFiles/bootloader.dir/home/blankmcu/Repos/ElectronicBlinds_V2/UnitApplication/Dependencies/pico-sdk/src/rp2_common/pico_standard_binary_info/standard_binary_info.c.o
 .binary_info.keep.__bi_ptr78
                0x10003eb8        0x4 CMakeFiles/bootloader.dir/home/blankmcu/Repos/ElectronicBlinds_V2/UnitApplication/Dependencies/pico-sdk/src/rp2_common/pico_standard_binary_info/standard_binary_info.c.o
 .binary_info.keep.__bi_ptr54
                0x10003ebc        0x4 CMakeFiles/bootloader.dir/home/blankmcu/Repos/ElectronicBlinds_V2/UnitApplication/Dependencies/pico-sdk/src/rp2_common/pico_standard_binary_info/standard_binary_info.c.o
 .binary_info.keep.__bi_ptr48
                0x10003ec0        0x4 CMakeFiles/bootloader.dir/home/blankmcu/Repos/ElectronicBlinds_V2/UnitApplication/Dependencies/pico-sdk/src/rp2_common/pico_standard_binary_info/standard_binary_info.c.o
 .binary_info.keep.__bi_ptr42
                0x10003ec4        0x4 CMakeFiles/bootloader.dir/home/blankmcu/Repos/ElectronicBlinds_V2/UnitApplication/Dependencies/pico-sdk/src/rp2_common/pico_standard_binary_info/standard_binary_info.c.o
 .binary_info.keep.__bi_ptr34
                0x10003ec8        0x4 CMakeFiles/bootloader.dir/home/blankmcu/Repos/ElectronicBlinds_V2/UnitApplication/Dependencies/pico-sdk/src/rp2_common/pico_standard_binary_info/standard_binary_info.c.o
 .binary_info.keep.__bi_ptr26
                0x10003ecc        0x4 CMakeFiles/bootloader.dir/home/blankmcu/Repos/ElectronicBlinds_V2/UnitApplication/Dependencies/pico-sdk/src/rp2_common/pico_standard_binary_info/standard_binary_info.c.o
 *(.binary_info.*)
 .binary_info.__bi_ptr50
                0x10003ed0        0x4 CMakeFiles/bootloader.dir/home/blankmcu/Repos/ElectronicBlinds_V2/UnitApplication/Dependencies/pico-sdk/src/rp2_common/pico_stdio_uart/stdio_uart.c.o
 .binary_info.__bi_ptr49
                0x10003ed4        0x4 CMakeFiles/bootloader.dir/home/blankmcu/Repos/ElectronicBlinds_V2/UnitApplication/Dependencies/pico-sdk/src/rp2_common/pico_stdio_uart/stdio_uart.c.o
 .binary_info.__bi_ptr45
                0x10003ed8        0x4 CMakeFiles/bootloader.dir/home/blankmcu/Repos/ElectronicBlinds_V2/UnitApplication/Dependencies/pico-sdk/src/rp2_common/pico_stdio_uart/stdio_uart.c.o
                0x10003edc                        __binary_info_end = .
                0x10003edc                        . = ALIGN (0x4)

.ram_vector_table
                0x20000000      0x110
 *(.ram_vector_table)
 .ram_vector_table
                0x20000000      0x110 CMakeFiles/bootloader.dir/home/blankmcu/Repos/ElectronicBlinds_V2/UnitApplication/Dependencies/pico-sdk/src/rp2_common/pico_runtime_init/runtime_init.c.o
                0x20000000                ram_vector_table

.uninitialized_data
                0x20000110        0x0
                0x20000110                        . = ALIGN (0x4)
 *(.uninitialized_data*)

.data           0x20000110      0x930 load address 0x10003edc
                0x20000110                        __data_start__ = .
 *(vtable)
 *(.time_critical*)
 .time_critical.mutex_try_enter
                0x20000110       0x58 CMakeFiles/bootloader.dir/home/blankmcu/Repos/ElectronicBlinds_V2/UnitApplication/Dependencies/pico-sdk/src/common/pico_sync/mutex.c.o
                0x20000110                mutex_try_enter
 .time_critical.mutex_enter_block_until
                0x20000168       0xc8 CMakeFiles/bootloader.dir/home/blankmcu/Repos/ElectronicBlinds_V2/UnitApplication/Dependencies/pico-sdk/src/common/pico_sync/mutex.c.o
                0x20000168                mutex_enter_block_until
 .time_critical.mutex_try_enter_block_until
                0x20000230       0x32 CMakeFiles/bootloader.dir/home/blankmcu/Repos/ElectronicBlinds_V2/UnitApplication/Dependencies/pico-sdk/src/common/pico_sync/mutex.c.o
                0x20000230                mutex_try_enter_block_until
 *fill*         0x20000262        0x2 
 .time_critical.mutex_exit
                0x20000264       0x68 CMakeFiles/bootloader.dir/home/blankmcu/Repos/ElectronicBlinds_V2/UnitApplication/Dependencies/pico-sdk/src/common/pico_sync/mutex.c.o
                0x20000264                mutex_exit
 .time_critical.flash_init_boot2_copyout
                0x200002cc       0x34 CMakeFiles/bootloader.dir/home/blankmcu/Repos/ElectronicBlinds_V2/UnitApplication/Dependencies/pico-sdk/src/rp2_common/hardware_flash/flash.c.o
 .time_critical.flash_enable_xip_via_boot2
                0x20000300        0xc CMakeFiles/bootloader.dir/home/blankmcu/Repos/ElectronicBlinds_V2/UnitApplication/Dependencies/pico-sdk/src/rp2_common/hardware_flash/flash.c.o
 .time_critical.flash_rp2350_save_qmi_cs1
                0x2000030c       0x14 CMakeFiles/bootloader.dir/home/blankmcu/Repos/ElectronicBlinds_V2/UnitApplication/Dependencies/pico-sdk/src/rp2_common/hardware_flash/flash.c.o
 .time_critical.flash_devinfo_ptr
                0x20000320       0x30 CMakeFiles/bootloader.dir/home/blankmcu/Repos/ElectronicBlinds_V2/UnitApplication/Dependencies/pico-sdk/src/rp2_common/hardware_flash/flash.c.o
 .time_critical.flash_save_hardware_state
                0x20000350       0x2e CMakeFiles/bootloader.dir/home/blankmcu/Repos/ElectronicBlinds_V2/UnitApplication/Dependencies/pico-sdk/src/rp2_common/hardware_flash/flash.c.o
 .time_critical.flash_devinfo_get_cs_size
                0x2000037e       0x16 CMakeFiles/bootloader.dir/home/blankmcu/Repos/ElectronicBlinds_V2/UnitApplication/Dependencies/pico-sdk/src/rp2_common/hardware_flash/flash.c.o
                0x2000037e                flash_devinfo_get_cs_size
 .time_critical.flash_rp2350_restore_qmi_cs1
                0x20000394       0x40 CMakeFiles/bootloader.dir/home/blankmcu/Repos/ElectronicBlinds_V2/UnitApplication/Dependencies/pico-sdk/src/rp2_common/hardware_flash/flash.c.o
 .time_critical.flash_restore_hardware_state
                0x200003d4       0x26 CMakeFiles/bootloader.dir/home/blankmcu/Repos/ElectronicBlinds_V2/UnitApplication/Dependencies/pico-sdk/src/rp2_common/hardware_flash/flash.c.o
 *fill*         0x200003fa        0x2 
 .time_critical.flash_range_erase
                0x200003fc      0x110 CMakeFiles/bootloader.dir/home/blankmcu/Repos/ElectronicBlinds_V2/UnitApplication/Dependencies/pico-sdk/src/rp2_common/hardware_flash/flash.c.o
                0x200003fc                flash_range_erase
 .time_critical.flash_range_program
                0x2000050c      0x10c CMakeFiles/bootloader.dir/home/blankmcu/Repos/ElectronicBlinds_V2/UnitApplication/Dependencies/pico-sdk/src/rp2_common/hardware_flash/flash.c.o
                0x2000050c                flash_range_program
 .time_critical.xip_cache_maintain
                0x20000618       0x22 CMakeFiles/bootloader.dir/home/blankmcu/Repos/ElectronicBlinds_V2/UnitApplication/Dependencies/pico-sdk/src/rp2_common/hardware_xip_cache/xip_cache.c.o
 *fill*         0x2000063a        0x2 
 .time_critical.xip_cache_clean_all
                0x2000063c       0x14 CMakeFiles/bootloader.dir/home/blankmcu/Repos/ElectronicBlinds_V2/UnitApplication/Dependencies/pico-sdk/src/rp2_common/hardware_xip_cache/xip_cache.c.o
                0x2000063c                xip_cache_clean_all
 *(.text*)
 .text          0x20000650       0x30 /usr/lib/gcc/arm-none-eabi/13.2.1/thumb/v8-m.main+fp/softfp/libgcc.a(_aeabi_uldivmod.o)
                0x20000650                __aeabi_uldivmod
 .text          0x20000680      0x300 /usr/lib/gcc/arm-none-eabi/13.2.1/thumb/v8-m.main+fp/softfp/libgcc.a(_udivmoddi4.o)
                0x20000680                __udivmoddi4
 .text          0x20000980        0x4 /usr/lib/gcc/arm-none-eabi/13.2.1/thumb/v8-m.main+fp/softfp/libgcc.a(_dvmd_tls.o)
                0x20000980                __aeabi_ldiv0
                0x20000980                __aeabi_idiv0
 *fill*         0x20000984        0x4 
 .text.__stub   0x20000988       0x10 linker stubs
                0x20000998                        . = ALIGN (0x4)
 *(.rodata*)
                0x20000998                        . = ALIGN (0x4)
 *(.data*)
 .data.ram_current_metadata
                0x20000998       0x24 CMakeFiles/bootloader.dir/main.c.o
 .data.striped_spin_lock_num
                0x200009bc        0x1 CMakeFiles/bootloader.dir/home/blankmcu/Repos/ElectronicBlinds_V2/UnitApplication/Dependencies/pico-sdk/src/rp2_common/hardware_sync/sync.c.o
 *fill*         0x200009bd        0x3 
 .data          0x200009c0       0x48 CMakeFiles/bootloader.dir/home/blankmcu/Repos/ElectronicBlinds_V2/UnitApplication/Dependencies/pico-sdk/src/rp2_common/hardware_irq/irq_handler_chain.S.o
                0x200009c0                irq_handler_chain_slots
                0x200009f0                irq_handler_chain_first_slot
                0x200009fa                irq_handler_chain_remove_tail
 .data.default_alarm_pool
                0x20000a08       0x18 CMakeFiles/bootloader.dir/home/blankmcu/Repos/ElectronicBlinds_V2/UnitApplication/Dependencies/pico-sdk/src/common/pico_time/time.c.o
 .data.stdio_uart
                0x20000a20       0x18 CMakeFiles/bootloader.dir/home/blankmcu/Repos/ElectronicBlinds_V2/UnitApplication/Dependencies/pico-sdk/src/rp2_common/pico_stdio_uart/stdio_uart.c.o
                0x20000a20                stdio_uart
 *(.sdata*)
                0x20000a38                        . = ALIGN (0x4)
 *(.after_data.*)
                0x20000a38                        . = ALIGN (0x4)
                0x20000a38                        PROVIDE (__mutex_array_start = .)
 *(SORT_BY_NAME(.mutex_array.*))
 *(.mutex_array)
 .mutex_array   0x20000a38        0x8 CMakeFiles/bootloader.dir/home/blankmcu/Repos/ElectronicBlinds_V2/UnitApplication/Dependencies/pico-sdk/src/rp2_common/pico_stdio/stdio.c.o
                0x20000a40                        PROVIDE (__mutex_array_end = .)
 *(.jcr)
                0x20000a40                        . = ALIGN (0x4)

.igot.plt       0x20000a40        0x0 load address 0x1000480c
 .igot.plt      0x20000a40        0x0 CMakeFiles/bootloader.dir/main.c.o

.tdata          0x20000a40        0x0 load address 0x1000480c
                0x20000a40                        . = ALIGN (0x4)
 *(.tdata .tdata.* .gnu.linkonce.td.*)
                0x20000a40                        __tdata_end = .
                0x20000a40                        PROVIDE (__data_end__ = .)
                0x10003edc                        __etext = LOADADDR (.data)

.tbss           0x20000a40        0x0 load address 0x1000480c
                0x20000a40                        . = ALIGN (0x4)
                0x20000a40                        __bss_start__ = .
                0x20000a40                        __tls_base = .
 *(.tbss .tbss.* .gnu.linkonce.tb.*)
 *(.tcommon)
                0x20000a40                        __tls_end = .

.bss            0x20000a40      0x30c load address 0x1000480c
                0x20000a40                        . = ALIGN (0x4)
                0x20000a40                        __tbss_end = .
 *(SORT_BY_ALIGNMENT(SORT_BY_NAME(.bss*)))
 .bss.default_alarm_pool_entries
                0x20000a40      0x180 CMakeFiles/bootloader.dir/home/blankmcu/Repos/ElectronicBlinds_V2/UnitApplication/Dependencies/pico-sdk/src/common/pico_time/time.c.o
 .bss._sw_spin_locks
                0x20000bc0       0x20 CMakeFiles/bootloader.dir/home/blankmcu/Repos/ElectronicBlinds_V2/UnitApplication/Dependencies/pico-sdk/src/rp2_common/hardware_sync_spin_lock/sync_spin_lock.c.o
                0x20000bc0                _sw_spin_locks
 .bss.boot2_copyout
                0x20000be0      0x100 CMakeFiles/bootloader.dir/home/blankmcu/Repos/ElectronicBlinds_V2/UnitApplication/Dependencies/pico-sdk/src/rp2_common/hardware_flash/flash.c.o
 .bss.chars_available_callback
                0x20000ce0        0x4 CMakeFiles/bootloader.dir/home/blankmcu/Repos/ElectronicBlinds_V2/UnitApplication/Dependencies/pico-sdk/src/rp2_common/pico_stdio_uart/stdio_uart.c.o
 .bss.chars_available_param
                0x20000ce4        0x4 CMakeFiles/bootloader.dir/home/blankmcu/Repos/ElectronicBlinds_V2/UnitApplication/Dependencies/pico-sdk/src/rp2_common/pico_stdio_uart/stdio_uart.c.o
 .bss.claimed   0x20000ce8        0x2 CMakeFiles/bootloader.dir/home/blankmcu/Repos/ElectronicBlinds_V2/UnitApplication/Dependencies/pico-sdk/src/rp2_common/hardware_timer/timer.c.o
 *fill*         0x20000cea        0x2 
 .bss.configured_freq
                0x20000cec       0x28 CMakeFiles/bootloader.dir/home/blankmcu/Repos/ElectronicBlinds_V2/UnitApplication/Dependencies/pico-sdk/src/rp2_common/hardware_clocks/clocks.c.o
 .bss.drivers   0x20000d14        0x4 CMakeFiles/bootloader.dir/home/blankmcu/Repos/ElectronicBlinds_V2/UnitApplication/Dependencies/pico-sdk/src/rp2_common/pico_stdio/stdio.c.o
 .bss.filter    0x20000d18        0x4 CMakeFiles/bootloader.dir/home/blankmcu/Repos/ElectronicBlinds_V2/UnitApplication/Dependencies/pico-sdk/src/rp2_common/pico_stdio/stdio.c.o
 .bss.pools     0x20000d1c       0x20 CMakeFiles/bootloader.dir/home/blankmcu/Repos/ElectronicBlinds_V2/UnitApplication/Dependencies/pico-sdk/src/common/pico_time/time.c.o
 .bss.qmi_cs1_setup_function
                0x20000d3c        0x4 CMakeFiles/bootloader.dir/home/blankmcu/Repos/ElectronicBlinds_V2/UnitApplication/Dependencies/pico-sdk/src/rp2_common/hardware_flash/flash.c.o
 .bss.uart_char_to_line_feed
                0x20000d40        0x4 CMakeFiles/bootloader.dir/home/blankmcu/Repos/ElectronicBlinds_V2/UnitApplication/Dependencies/pico-sdk/src/rp2_common/hardware_uart/uart.c.o
                0x20000d40                uart_char_to_line_feed
 .bss.uart_instance
                0x20000d44        0x4 CMakeFiles/bootloader.dir/home/blankmcu/Repos/ElectronicBlinds_V2/UnitApplication/Dependencies/pico-sdk/src/rp2_common/pico_stdio_uart/stdio_uart.c.o
 .bss.boot2_copyout_valid
                0x20000d48        0x1 CMakeFiles/bootloader.dir/home/blankmcu/Repos/ElectronicBlinds_V2/UnitApplication/Dependencies/pico-sdk/src/rp2_common/hardware_flash/flash.c.o
 .bss.irq_handler_chain_free_slot_head
                0x20000d49        0x1 CMakeFiles/bootloader.dir/home/blankmcu/Repos/ElectronicBlinds_V2/UnitApplication/Dependencies/pico-sdk/src/rp2_common/hardware_irq/irq.c.o
 .bss.lock_internal_notify_count
                0x20000d4a        0x1 CMakeFiles/bootloader.dir/home/blankmcu/Repos/ElectronicBlinds_V2/UnitApplication/Dependencies/pico-sdk/src/common/pico_sync/lock_core.c.o
                0x20000d4a                lock_internal_notify_count
 *(COMMON)
                [!provide]                        PROVIDE (__global_pointer$ = (. + 0x800))
 *(.sbss*)
                0x20000d4c                        . = ALIGN (0x4)
 *fill*         0x20000d4b        0x1 
                0x20000d4c                        __bss_end__ = .

.heap           0x20000d4c      0x800 load address 0x1000480c
                0x20000d4c                        __end__ = .
                0x20000d4c                        end = __end__
 *(.heap*)
 .heap          0x20000d4c      0x800 CMakeFiles/bootloader.dir/home/blankmcu/Repos/ElectronicBlinds_V2/UnitApplication/Dependencies/pico-sdk/src/rp2_common/pico_crt0/crt0.S.o
                0x20080000                        __HeapLimit = (ORIGIN (RAM) + LENGTH (RAM))

.scratch_x      0x20080000        0x0 load address 0x1000480c
                0x20080000                        __scratch_x_start__ = .
 *(.scratch_x.*)
                0x20080000                        . = ALIGN (0x4)
                0x20080000                        __scratch_x_end__ = .
                0x1000480c                        __scratch_x_source__ = LOADADDR (.scratch_x)

.scratch_y      0x20081000        0x0 load address 0x1000480c
                0x20081000                        __scratch_y_start__ = .
 *(.scratch_y.*)
                0x20081000                        . = ALIGN (0x4)
                0x20081000                        __scratch_y_end__ = .
                0x1000480c                        __scratch_y_source__ = LOADADDR (.scratch_y)

.stack1_dummy
 *(.stack1*)

.stack_dummy    0x20081000      0x800
 *(.stack*)
 .stack         0x20081000      0x800 CMakeFiles/bootloader.dir/home/blankmcu/Repos/ElectronicBlinds_V2/UnitApplication/Dependencies/pico-sdk/src/rp2_common/pico_crt0/crt0.S.o

.flash_end      0x1000480c       0x14
 *(.embedded_end_block*)
 .embedded_end_block
                0x1000480c       0x14 CMakeFiles/bootloader.dir/home/blankmcu/Repos/ElectronicBlinds_V2/UnitApplication/Dependencies/pico-sdk/src/rp2_common/pico_crt0/crt0.S.o
                0x10004820                        PROVIDE (__flash_binary_end = .)
                0x20080000                        __StackLimit = (ORIGIN (RAM) + LENGTH (RAM))
                0x20081000                        __StackOneTop = (ORIGIN (SCRATCH_X) + LENGTH (SCRATCH_X))
                0x20082000                        __StackTop = (ORIGIN (SCRATCH_Y) + LENGTH (SCRATCH_Y))
                0x20081000                        __StackOneBottom = (__StackOneTop - SIZEOF (.stack1_dummy))
                0x20081800                        __StackBottom = (__StackTop - SIZEOF (.stack_dummy))
                [!provide]                        PROVIDE (__stack = __StackTop)
                [!provide]                        PROVIDE (__heap_start = __end__)
                [!provide]                        PROVIDE (__heap_end = __HeapLimit)
                0x00000001                        PROVIDE (__tls_align = MAX (ALIGNOF (.tdata), ALIGNOF (.tbss)))
                [!provide]                        PROVIDE (__tls_size_align = (((__tls_size + __tls_align) - 0x1) & ~ ((__tls_align - 0x1))))
                0x00000008                        PROVIDE (__arm32_tls_tcb_offset = MAX (0x8, __tls_align))
                [!provide]                        PROVIDE (_end = __end__)
                [!provide]                        PROVIDE (__llvm_libc_heap_limit = __HeapLimit)
                0x00000001                        ASSERT ((__StackLimit >= __HeapLimit), region RAM overflowed)
                0x00000001                        ASSERT (((__binary_info_header_end - __logical_binary_start) <= 0x400), Binary info must be in first 1024 bytes of the binary)
                0x00000001                        ASSERT (((__embedded_block_end - __logical_binary_start) <= 0x1000), Embedded block must be in first 4096 bytes of the binary)
OUTPUT(bootloader.elf elf32-littlearm)
LOAD linker stubs

.rel.dyn        0x10004820        0x0
 .rel.iplt      0x10004820        0x0 CMakeFiles/bootloader.dir/main.c.o

.debug_info     0x00000000    0x1e397
 .debug_info    0x00000000      0xab8 CMakeFiles/bootloader.dir/main.c.o
 .debug_info    0x00000ab8     0x1d17 CMakeFiles/bootloader.dir/home/blankmcu/Repos/ElectronicBlinds_V2/UnitApplication/Dependencies/pico-sdk/src/rp2_common/hardware_gpio/gpio.c.o
 .debug_info    0x000027cf      0x1b3 CMakeFiles/bootloader.dir/home/blankmcu/Repos/ElectronicBlinds_V2/UnitApplication/Dependencies/pico-sdk/src/rp2_common/pico_platform_panic/panic.c.o
 .debug_info    0x00002982      0x72a CMakeFiles/bootloader.dir/home/blankmcu/Repos/ElectronicBlinds_V2/UnitApplication/Dependencies/pico-sdk/src/common/hardware_claim/claim.c.o
 .debug_info    0x000030ac      0x464 CMakeFiles/bootloader.dir/home/blankmcu/Repos/ElectronicBlinds_V2/UnitApplication/Dependencies/pico-sdk/src/rp2_common/hardware_sync/sync.c.o
 .debug_info    0x00003510     0x1424 CMakeFiles/bootloader.dir/home/blankmcu/Repos/ElectronicBlinds_V2/UnitApplication/Dependencies/pico-sdk/src/rp2_common/hardware_sync_spin_lock/sync_spin_lock.c.o
 .debug_info    0x00004934     0x24ea CMakeFiles/bootloader.dir/home/blankmcu/Repos/ElectronicBlinds_V2/UnitApplication/Dependencies/pico-sdk/src/rp2_common/hardware_irq/irq.c.o
 .debug_info    0x00006e1e      0x32e CMakeFiles/bootloader.dir/home/blankmcu/Repos/ElectronicBlinds_V2/UnitApplication/Dependencies/pico-sdk/src/common/pico_sync/lock_core.c.o
 .debug_info    0x0000714c     0x21b6 CMakeFiles/bootloader.dir/home/blankmcu/Repos/ElectronicBlinds_V2/UnitApplication/Dependencies/pico-sdk/src/common/pico_sync/mutex.c.o
 .debug_info    0x00009302     0x37ca CMakeFiles/bootloader.dir/home/blankmcu/Repos/ElectronicBlinds_V2/UnitApplication/Dependencies/pico-sdk/src/common/pico_time/time.c.o
 .debug_info    0x0000cacc     0x1e6a CMakeFiles/bootloader.dir/home/blankmcu/Repos/ElectronicBlinds_V2/UnitApplication/Dependencies/pico-sdk/src/rp2_common/hardware_timer/timer.c.o
 .debug_info    0x0000e936     0x155f CMakeFiles/bootloader.dir/home/blankmcu/Repos/ElectronicBlinds_V2/UnitApplication/Dependencies/pico-sdk/src/rp2_common/hardware_uart/uart.c.o
 .debug_info    0x0000fe95     0x1cc6 CMakeFiles/bootloader.dir/home/blankmcu/Repos/ElectronicBlinds_V2/UnitApplication/Dependencies/pico-sdk/src/rp2_common/hardware_clocks/clocks.c.o
 .debug_info    0x00011b5b      0x670 CMakeFiles/bootloader.dir/home/blankmcu/Repos/ElectronicBlinds_V2/UnitApplication/Dependencies/pico-sdk/src/rp2_common/hardware_pll/pll.c.o
 .debug_info    0x000121cb      0x2be CMakeFiles/bootloader.dir/home/blankmcu/Repos/ElectronicBlinds_V2/UnitApplication/Dependencies/pico-sdk/src/rp2_common/hardware_ticks/ticks.c.o
 .debug_info    0x00012489     0x106a CMakeFiles/bootloader.dir/home/blankmcu/Repos/ElectronicBlinds_V2/UnitApplication/Dependencies/pico-sdk/src/rp2_common/pico_bootrom/bootrom.c.o
 .debug_info    0x000134f3      0x1bd CMakeFiles/bootloader.dir/home/blankmcu/Repos/ElectronicBlinds_V2/UnitApplication/Dependencies/pico-sdk/src/rp2_common/pico_bootrom/bootrom_lock.c.o
 .debug_info    0x000136b0      0x31c CMakeFiles/bootloader.dir/home/blankmcu/Repos/ElectronicBlinds_V2/UnitApplication/Dependencies/pico-sdk/src/rp2_common/hardware_boot_lock/boot_lock.c.o
 .debug_info    0x000139cc      0x19d CMakeFiles/bootloader.dir/home/blankmcu/Repos/ElectronicBlinds_V2/UnitApplication/Dependencies/pico-sdk/src/rp2_common/hardware_xosc/xosc.c.o
 .debug_info    0x00013b69      0x1b0 CMakeFiles/bootloader.dir/home/blankmcu/Repos/ElectronicBlinds_V2/UnitApplication/Dependencies/pico-sdk/src/rp2_common/pico_runtime/runtime.c.o
 .debug_info    0x00013d19     0x1b71 CMakeFiles/bootloader.dir/home/blankmcu/Repos/ElectronicBlinds_V2/UnitApplication/Dependencies/pico-sdk/src/rp2_common/pico_runtime_init/runtime_init.c.o
 .debug_info    0x0001588a      0x795 CMakeFiles/bootloader.dir/home/blankmcu/Repos/ElectronicBlinds_V2/UnitApplication/Dependencies/pico-sdk/src/rp2_common/pico_runtime_init/runtime_init_clocks.c.o
 .debug_info    0x0001601f       0x23 CMakeFiles/bootloader.dir/home/blankmcu/Repos/ElectronicBlinds_V2/UnitApplication/Dependencies/pico-sdk/src/rp2_common/pico_double/double_aeabi_dcp.S.o
 .debug_info    0x00016042      0x278 CMakeFiles/bootloader.dir/home/blankmcu/Repos/ElectronicBlinds_V2/UnitApplication/Dependencies/pico-sdk/src/rp2_common/pico_standard_binary_info/standard_binary_info.c.o
 .debug_info    0x000162ba     0x1936 CMakeFiles/bootloader.dir/home/blankmcu/Repos/ElectronicBlinds_V2/UnitApplication/Dependencies/pico-sdk/src/rp2_common/pico_printf/printf.c.o
 .debug_info    0x00017bf0       0x23 CMakeFiles/bootloader.dir/home/blankmcu/Repos/ElectronicBlinds_V2/UnitApplication/Dependencies/pico-sdk/src/rp2_common/pico_crt0/crt0.S.o
 .debug_info    0x00017c13      0xcbd CMakeFiles/bootloader.dir/home/blankmcu/Repos/ElectronicBlinds_V2/UnitApplication/Dependencies/pico-sdk/src/rp2_common/pico_clib_interface/newlib_interface.c.o
 .debug_info    0x000188d0     0x16b2 CMakeFiles/bootloader.dir/home/blankmcu/Repos/ElectronicBlinds_V2/UnitApplication/Dependencies/pico-sdk/src/rp2_common/pico_stdio/stdio.c.o
 .debug_info    0x00019f82     0x1658 CMakeFiles/bootloader.dir/home/blankmcu/Repos/ElectronicBlinds_V2/UnitApplication/Dependencies/pico-sdk/src/rp2_common/pico_stdio_uart/stdio_uart.c.o
 .debug_info    0x0001b5da     0x1a93 CMakeFiles/bootloader.dir/home/blankmcu/Repos/ElectronicBlinds_V2/UnitApplication/Dependencies/pico-sdk/src/rp2_common/hardware_flash/flash.c.o
 .debug_info    0x0001d06d      0x3b4 CMakeFiles/bootloader.dir/home/blankmcu/Repos/ElectronicBlinds_V2/UnitApplication/Dependencies/pico-sdk/src/rp2_common/hardware_xip_cache/xip_cache.c.o
 .debug_info    0x0001d421      0x5fc ../Common/FlashUtils/libflash_utils.a(flash_operations.c.o)
 .debug_info    0x0001da1d       0x24 /usr/lib/gcc/arm-none-eabi/13.2.1/thumb/v8-m.main+fp/softfp/libgcc.a(_aeabi_uldivmod.o)
 .debug_info    0x0001da41      0x6f5 /usr/lib/gcc/arm-none-eabi/13.2.1/thumb/v8-m.main+fp/softfp/libgcc.a(_udivmoddi4.o)
 .debug_info    0x0001e136       0x3c /usr/lib/gcc/arm-none-eabi/13.2.1/thumb/v8-m.main+fp/softfp/libgcc.a(_dvmd_tls.o)
 .debug_info    0x0001e172      0x135 /usr/lib/gcc/arm-none-eabi/13.2.1/../../../arm-none-eabi/lib/thumb/v8-m.main+fp/softfp/libg.a(libc_a-memset.o)
 .debug_info    0x0001e2a7       0x33 /usr/lib/gcc/arm-none-eabi/13.2.1/../../../arm-none-eabi/lib/thumb/v8-m.main+fp/softfp/libg.a(libc_a-memcpy.o)
 .debug_info    0x0001e2da       0xbd /usr/lib/gcc/arm-none-eabi/13.2.1/../../../arm-none-eabi/lib/thumb/v8-m.main+fp/softfp/libg.a(libc_a-strlen-stub.o)

.debug_abbrev   0x00000000     0x5d90
 .debug_abbrev  0x00000000      0x291 CMakeFiles/bootloader.dir/main.c.o
 .debug_abbrev  0x00000291      0x473 CMakeFiles/bootloader.dir/home/blankmcu/Repos/ElectronicBlinds_V2/UnitApplication/Dependencies/pico-sdk/src/rp2_common/hardware_gpio/gpio.c.o
 .debug_abbrev  0x00000704      0x12d CMakeFiles/bootloader.dir/home/blankmcu/Repos/ElectronicBlinds_V2/UnitApplication/Dependencies/pico-sdk/src/rp2_common/pico_platform_panic/panic.c.o
 .debug_abbrev  0x00000831      0x2cb CMakeFiles/bootloader.dir/home/blankmcu/Repos/ElectronicBlinds_V2/UnitApplication/Dependencies/pico-sdk/src/common/hardware_claim/claim.c.o
 .debug_abbrev  0x00000afc      0x1fa CMakeFiles/bootloader.dir/home/blankmcu/Repos/ElectronicBlinds_V2/UnitApplication/Dependencies/pico-sdk/src/rp2_common/hardware_sync/sync.c.o